===== 运行日志 开始 2026-10-08 03:03:54 | 程序目录=G:\工具库\民国历史知识库_AI_V2.0_稳定版\民国历史知识库 | frozen=False | 版本=V1.0 =====
2026-10-08 03:03:54 | DEBUG | 判定 | 1881年-袁世凯投身淮军 → 时间线 score=100 why=通用规则：「时间线」（本库存在该类型） kb=19民国
2026-10-08 03:03:54 | DEBUG | 判定 | 1882年-壬午兵变 → 时间线 score=100 why=通用规则：「时间线」（本库存在该类型） kb=19民国
2026-10-08 03:03:54 | DEBUG | 判定 | 1883年-中法战争前夜 → 时间线 score=100 why=通用规则：「时间线」（本库存在该类型） kb=19民国
2026-10-08 03:03:54 | DEBUG | 判定 | 1884年-甲申政变 → 时间线 score=100 why=通用规则：「时间线」（本库存在该类型） kb=19民国
2026-10-08 03:03:54 | DEBUG | 判定 | 1885年-中法战争与清廷加强台湾防务 → 时间线 score=100 why=通用规则：「时间线」（本库存在该类型） kb=19民国
2026-10-08 03:03:54 | DEBUG | 判定 | 1886年-北洋势力继续扩张 → 时间线 score=100 why=通用规则：「时间线」（本库存在该类型） kb=19民国
2026-10-08 03:03:54 | DEBUG | 判定 | 1887年-台湾建省 → 时间线 score=100 why=通用规则：「时间线」（本库存在该类型） kb=19民国
2026-10-08 03:03:54 | DEBUG | 判定 | 1888年-北洋水师成军 → 时间线 score=100 why=通用规则：「时间线」（本库存在该类型） kb=19民国
2026-10-08 03:03:54 | DEBUG | 判定 | 1889年-张之洞督粤与洋务格局变化 → 时间线 score=100 why=通用规则：「时间线」（本库存在该类型） kb=19民国
2026-10-08 03:03:54 | DEBUG | 判定 | 1890年-湖广总督张之洞推动洋务 → 时间线 score=100 why=通用规则：「时间线」（本库存在该类型） kb=19民国
2026-10-08 03:03:54 | DEBUG | 判定 | 1891年-清廷洋务运动进入调整期 → 时间线 score=100 why=通用规则：「时间线」（本库存在该类型） kb=19民国
2026-10-08 03:03:54 | DEBUG | 判定 | 1892年-袁世凯继续经营朝鲜 → 时间线 score=100 why=通用规则：「时间线」（本库存在该类型） kb=19民国
2026-10-08 03:03:54 | DEBUG | 判定 | 1893年-袁世凯升任温处道 → 时间线 score=100 why=通用规则：「时间线」（本库存在该类型） kb=19民国
2026-10-08 03:03:54 | DEBUG | 判定 | 1894年-甲午战争 → 时间线 score=100 why=通用规则：「时间线」（本库存在该类型） kb=19民国
2026-10-08 03:03:54 | DEBUG | 判定 | 1895年-小站练兵 → 时间线 score=100 why=通用规则：「时间线」（本库存在该类型） kb=19民国
2026-10-08 03:03:54 | DEBUG | 判定 | 1896年-中日马关条约后的中国变局 → 时间线 score=100 why=通用规则：「时间线」（本库存在该类型） kb=19民国
2026-10-08 03:03:54 | DEBUG | 判定 | 1897年-德国强占胶州湾 → 时间线 score=100 why=通用规则：「时间线」（本库存在该类型） kb=19民国
2026-10-08 03:03:54 | DEBUG | 判定 | 1898年-戊戌变法 → 时间线 score=100 why=通用规则：「时间线」（本库存在该类型） kb=19民国
2026-10-08 03:03:54 | DEBUG | 判定 | 1899年-袁世凯出任山东巡抚 → 时间线 score=100 why=通用规则：「时间线」（本库存在该类型） kb=19民国
2026-10-08 03:03:54 | DEBUG | 判定 | 1900年-义和团与八国联军 → 时间线 score=100 why=通用规则：「时间线」（本库存在该类型） kb=19民国
2026-10-08 03:03:54 | DEBUG | 判定 | 1901年-辛丑条约 → 时间线 score=100 why=通用规则：「时间线」（本库存在该类型） kb=19民国
2026-10-08 03:03:54 | DEBUG | 判定 | 1902年-清末新政启动 → 时间线 score=100 why=通用规则：「时间线」（本库存在该类型） kb=19民国
2026-10-08 03:03:54 | DEBUG | 判定 | 1903年-清廷大规模编练新军 → 时间线 score=100 why=通用规则：「时间线」（本库存在该类型） kb=19民国
2026-10-08 03:03:54 | DEBUG | 判定 | 1904年-日俄战争 → 时间线 score=100 why=通用规则：「时间线」（本库存在该类型） kb=19民国
2026-10-08 03:03:54 | DEBUG | 判定 | 1905年-中国同盟会成立 → 时间线 score=100 why=通用规则：「时间线」（本库存在该类型） kb=19民国
2026-10-08 03:03:54 | DEBUG | 判定 | 1906年-预备立宪 → 时间线 score=100 why=通用规则：「时间线」（本库存在该类型） kb=19民国
2026-10-08 03:03:54 | DEBUG | 判定 | 1907年-袁世凯离开直隶 → 时间线 score=100 why=通用规则：「时间线」（本库存在该类型） kb=19民国
2026-10-08 03:03:54 | DEBUG | 判定 | 1908年-光绪与慈禧相继去世 → 时间线 score=100 why=通用规则：「时间线」（本库存在该类型） kb=19民国
2026-10-08 03:03:54 | DEBUG | 判定 | 1909年-各省咨议局成立 → 时间线 score=100 why=通用规则：「时间线」（本库存在该类型） kb=19民国
2026-10-08 03:03:54 | DEBUG | 判定 | 1910年-国会请愿运动 → 时间线 score=100 why=通用规则：「时间线」（本库存在该类型） kb=19民国
2026-10-08 03:03:54 | DEBUG | 判定 | 1911年-武昌起义 → 时间线 score=100 why=通用规则：「时间线」（本库存在该类型） kb=19民国
2026-10-08 03:03:54 | DEBUG | 判定 | 1912年-中华民国成立 → 时间线 score=100 why=通用规则：「时间线」（本库存在该类型） kb=19民国
2026-10-08 03:03:54 | DEBUG | 判定 | 1913年-宋教仁遇刺与二次革命 → 时间线 score=100 why=通用规则：「时间线」（本库存在该类型） kb=19民国
2026-10-08 03:03:54 | DEBUG | 判定 | 1914年-袁氏约法 → 时间线 score=100 why=通用规则：「时间线」（本库存在该类型） kb=19民国
2026-10-08 03:03:54 | DEBUG | 判定 | 1915年-袁世凯称帝 → 时间线 score=100 why=通用规则：「时间线」（本库存在该类型） kb=19民国
2026-10-08 03:03:54 | DEBUG | 判定 | 1916年-护国战争与袁世凯病逝 → 时间线 score=100 why=通用规则：「时间线」（本库存在该类型） kb=19民国
2026-10-08 03:03:54 | DEBUG | 判定 | 1917年-张勋复辟 → 时间线 score=100 why=通用规则：「时间线」（本库存在该类型） kb=19民国
2026-10-08 03:03:54 | DEBUG | 判定 | 1918年-第一次世界大战结束与北洋政局变化 → 时间线 score=100 why=通用规则：「时间线」（本库存在该类型） kb=19民国
2026-10-08 03:03:54 | DEBUG | 判定 | 1919年-五四运动 → 时间线 score=100 why=通用规则：「时间线」（本库存在该类型） kb=19民国
2026-10-08 03:03:54 | DEBUG | 判定 | 1920年-直皖战争 → 时间线 score=100 why=通用规则：「时间线」（本库存在该类型） kb=19民国
2026-10-08 03:03:54 | DEBUG | 判定 | 1921年-中国共产党成立 → 时间线 score=100 why=通用规则：「时间线」（本库存在该类型） kb=19民国
2026-10-08 03:03:54 | DEBUG | 判定 | 1922年-第一次直奉战争 → 时间线 score=100 why=通用规则：「时间线」（本库存在该类型） kb=19民国
2026-10-08 03:03:54 | DEBUG | 判定 | 1923年-曹锟贿选 → 时间线 score=100 why=通用规则：「时间线」（本库存在该类型） kb=19民国
2026-10-08 03:03:54 | DEBUG | 判定 | 1924年-第二次直奉战争与北京政变 → 时间线 score=100 why=通用规则：「时间线」（本库存在该类型） kb=19民国
2026-10-08 03:03:54 | DEBUG | 判定 | 1925年-孙中山逝世与国民革命兴起 → 时间线 score=100 why=通用规则：「时间线」（本库存在该类型） kb=19民国
2026-10-08 03:03:54 | DEBUG | 判定 | 1926年-北伐战争 → 时间线 score=100 why=通用规则：「时间线」（本库存在该类型） kb=19民国
2026-10-08 03:03:54 | DEBUG | 判定 | 1927年-四一二政变与国共分裂 → 时间线 score=100 why=通用规则：「时间线」（本库存在该类型） kb=19民国
2026-10-08 03:03:54 | DEBUG | 判定 | 1928年-东北易帜 → 时间线 score=100 why=通用规则：「时间线」（本库存在该类型） kb=19民国
2026-10-08 03:03:54 | DEBUG | 判定 | 1929年-国民党内部派系冲突 → 时间线 score=100 why=通用规则：「时间线」（本库存在该类型） kb=19民国
2026-10-08 03:03:54 | DEBUG | 判定 | 1930年-中原大战 → 时间线 score=100 why=通用规则：「时间线」（本库存在该类型） kb=19民国
2026-10-08 03:03:54 | DEBUG | 判定 | 1931年-九一八事变 → 时间线 score=100 why=通用规则：「时间线」（本库存在该类型） kb=19民国
2026-10-08 03:03:54 | DEBUG | 判定 | 1932年-一二八事变 → 时间线 score=100 why=通用规则：「时间线」（本库存在该类型） kb=19民国
2026-10-08 03:03:54 | DEBUG | 判定 | 1933年-塘沽协定 → 时间线 score=100 why=通用规则：「时间线」（本库存在该类型） kb=19民国
2026-10-08 03:03:54 | DEBUG | 判定 | 1934年-中央红军长征 → 时间线 score=100 why=通用规则：「时间线」（本库存在该类型） kb=19民国
2026-10-08 03:03:54 | DEBUG | 判定 | 1935年-遵义会议 → 时间线 score=100 why=通用规则：「时间线」（本库存在该类型） kb=19民国
2026-10-08 03:03:54 | DEBUG | 判定 | 1936年-西安事变 → 时间线 score=100 why=通用规则：「时间线」（本库存在该类型） kb=19民国
2026-10-08 03:03:54 | DEBUG | 判定 | 1937年-七七事变 → 时间线 score=100 why=通用规则：「时间线」（本库存在该类型） kb=19民国
2026-10-08 03:03:54 | DEBUG | 判定 | 1938年-武汉会战与抗战进入相持阶段 → 时间线 score=100 why=通用规则：「时间线」（本库存在该类型） kb=19民国
2026-10-08 03:03:54 | DEBUG | 判定 | 1939年-国共摩擦加剧 → 时间线 score=100 why=通用规则：「时间线」（本库存在该类型） kb=19民国
2026-10-08 03:03:54 | DEBUG | 判定 | 1940年-百团大战 → 时间线 score=100 why=通用规则：「时间线」（本库存在该类型） kb=19民国
2026-10-08 03:03:54 | DEBUG | 判定 | 1941年-皖南事变与太平洋战争 → 时间线 score=100 why=通用规则：「时间线」（本库存在该类型） kb=19民国
2026-10-08 03:03:54 | DEBUG | 判定 | 1942年-延安整风 → 时间线 score=100 why=通用规则：「时间线」（本库存在该类型） kb=19民国
2026-10-08 03:03:54 | DEBUG | 判定 | 1943年-中共根据地发展与国民党统治危机 → 时间线 score=100 why=通用规则：「时间线」（本库存在该类型） kb=19民国
2026-10-08 03:03:54 | DEBUG | 判定 | 1944年-豫湘桂会战 → 时间线 score=100 why=通用规则：「时间线」（本库存在该类型） kb=19民国
2026-10-08 03:03:54 | DEBUG | 判定 | 1945年-抗日战争胜利 → 时间线 score=100 why=通用规则：「时间线」（本库存在该类型） kb=19民国
2026-10-08 03:03:54 | DEBUG | 判定 | 1946年-全面内战爆发 → 时间线 score=100 why=通用规则：「时间线」（本库存在该类型） kb=19民国
2026-10-08 03:03:54 | DEBUG | 判定 | 1947年-刘邓大军挺进大别山 → 时间线 score=100 why=通用规则：「时间线」（本库存在该类型） kb=19民国
2026-10-08 03:03:54 | DEBUG | 判定 | 1948年-三大战役 → 时间线 score=100 why=通用规则：「时间线」（本库存在该类型） kb=19民国
2026-10-08 03:03:54 | DEBUG | 判定 | 1949年-渡江战役与中华人民共和国成立 → 时间线 score=100 why=通用规则：「时间线」（本库存在该类型） kb=19民国
2026-10-08 03:03:54 | DEBUG | 判定 | 新桂系 → 派系 score=100 why=通用规则：「派系」（本库存在该类型） kb=19民国
2026-10-08 03:03:54 | DEBUG | 判定 | 丁日昌 → 人物 score=25 why=姓氏「丁」兜底 →「人物」（25 分） kb=19民国
2026-10-08 03:03:54 | DEBUG | 判定 | 丁汝昌 → 人物 score=25 why=姓氏「丁」兜底 →「人物」（25 分） kb=19民国
2026-10-08 03:03:54 | DEBUG | 判定 | 丘吉尔 → 人物 score=25 why=姓氏「丘」兜底 →「人物」（25 分） kb=19民国
2026-10-08 03:03:54 | DEBUG | 判定 | 东乡平八郎 → 人物 score=40 why=少数民族/外来姓名「东乡…」 →「人物」（40 分） kb=19民国
2026-10-08 03:03:54 | DEBUG | 判定 | 东条英机 → 人物 score=40 why=少数民族/外来姓名「东条…」 →「人物」（40 分） kb=19民国
2026-10-08 03:03:54 | DEBUG | 判定 | 严复 → 人物 score=25 why=姓氏「严」兜底 →「人物」（25 分） kb=19民国
2026-10-08 03:03:54 | DEBUG | 判定 | 乃木希典 → 人物 score=40 why=少数民族/外来姓名「乃木…」 →「人物」（40 分） kb=19民国
2026-10-08 03:03:54 | DEBUG | 判定 | 任弼时 → 人物 score=25 why=姓氏「任」兜底 →「人物」（25 分） kb=19民国
2026-10-08 03:03:54 | DEBUG | 判定 | 伊藤博文 → 人物 score=40 why=少数民族/外来姓名「伊藤…」 →「人物」（40 分） kb=19民国
2026-10-08 03:03:54 | DEBUG | 判定 | 何应钦 → 人物 score=25 why=姓氏「何」兜底 →「人物」（25 分） kb=19民国
2026-10-08 03:03:54 | DEBUG | 判定 | 何香凝 → 人物 score=25 why=姓氏「何」兜底 →「人物」（25 分） kb=19民国
2026-10-08 03:03:54 | DEBUG | 判定 | 佟麟阁 → 人物 score=25 why=姓氏「佟」兜底 →「人物」（25 分） kb=19民国
2026-10-08 03:03:54 | DEBUG | 判定 | 傅作义 → 人物 score=25 why=姓氏「傅」兜底 →「人物」（25 分） kb=19民国
2026-10-08 03:03:54 | DEBUG | 判定 | 傅斯年 → 人物 score=25 why=姓氏「傅」兜底 →「人物」（25 分） kb=19民国
2026-10-08 03:03:54 | DEBUG | 判定 | 光绪帝 → 人物 score=11 why=概念命中 →「人物」（11 分） kb=19民国
2026-10-08 03:03:54 | DEBUG | 判定 | 冈村宁次 → 人物 score=40 why=少数民族/外来姓名「冈村…」 →「人物」（40 分） kb=19民国
2026-10-08 03:03:54 | DEBUG | 判定 | 冯国璋 → 人物 score=25 why=姓氏「冯」兜底 →「人物」（25 分） kb=19民国
2026-10-08 03:03:54 | DEBUG | 判定 | 冯玉祥 → 人物 score=25 why=姓氏「冯」兜底 →「人物」（25 分） kb=19民国
2026-10-08 03:03:54 | DEBUG | 判定 | 刘伯承 → 人物 score=25 why=姓氏「刘」兜底 →「人物」（25 分） kb=19民国
2026-10-08 03:03:54 | DEBUG | 判定 | 刘坤一 → 人物 score=25 why=姓氏「刘」兜底 →「人物」（25 分） kb=19民国
2026-10-08 03:03:54 | DEBUG | 判定 | 刘少奇 → 人物 score=25 why=姓氏「刘」兜底 →「人物」（25 分） kb=19民国
2026-10-08 03:03:54 | DEBUG | 判定 | 刘步蟾 → 人物 score=25 why=姓氏「刘」兜底 →「人物」（25 分） kb=19民国
2026-10-08 03:03:54 | DEBUG | 判定 | 刘铭传 → 人物 score=30 why=姓氏「刘」+ 仅单字概念命中 → 人名优先「人物」（30 分） kb=19民国
2026-10-08 03:03:54 | DEBUG | 判定 | 华蘅芳 → 人物 score=25 why=姓氏「华」兜底 →「人物」（25 分） kb=19民国
2026-10-08 03:03:54 | DEBUG | 判定 | 博古 → 人物 score=102 why=强匹配命中 →「人物」（102 分） kb=19民国
2026-10-08 03:03:54 | DEBUG | 判定 | 卢永祥 → 人物 score=25 why=姓氏「卢」兜底 →「人物」（25 分） kb=19民国
2026-10-08 03:03:54 | DEBUG | 判定 | 卫立煌 → 人物 score=25 why=姓氏「卫」兜底 →「人物」（25 分） kb=19民国
2026-10-08 03:03:54 | DEBUG | 判定 | 叶挺 → 人物 score=25 why=姓氏「叶」兜底 →「人物」（25 分） kb=19民国
2026-10-08 03:03:54 | DEBUG | 判定 | 吴佩孚 → 人物 score=25 why=姓氏「吴」兜底 →「人物」（25 分） kb=19民国
2026-10-08 03:03:54 | DEBUG | 判定 | 周保中 → 人物 score=25 why=姓氏「周」兜底 →「人物」（25 分） kb=19民国
2026-10-08 03:03:54 | DEBUG | 判定 | 周恩来 → 人物 score=25 why=姓氏「周」兜底 →「人物」（25 分） kb=19民国
2026-10-08 03:03:54 | DEBUG | 判定 | 唐廷枢 → 人物 score=25 why=姓氏「唐」兜底 →「人物」（25 分） kb=19民国
2026-10-08 03:03:54 | DEBUG | 判定 | 唐景崧 → 人物 score=25 why=姓氏「唐」兜底 →「人物」（25 分） kb=19民国
2026-10-08 03:03:54 | DEBUG | 判定 | 唐继尧 → 人物 score=25 why=姓氏「唐」兜底 →「人物」（25 分） kb=19民国
2026-10-08 03:03:54 | DEBUG | 判定 | 土肥原贤二 → 人物 score=40 why=少数民族/外来姓名「土肥原…」 →「人物」（40 分） kb=19民国
2026-10-08 03:03:54 | DEBUG | 判定 | 孔祥熙 → 人物 score=25 why=姓氏「孔」兜底 →「人物」（25 分） kb=19民国
2026-10-08 03:03:54 | DEBUG | 判定 | 孙中山 → 人物 score=25 why=姓氏「孙」兜底 →「人物」（25 分） kb=19民国
2026-10-08 03:03:54 | DEBUG | 判定 | 孙立人 → 人物 score=25 why=姓氏「孙」兜底 →「人物」（25 分） kb=19民国
2026-10-08 03:03:54 | DEBUG | 判定 | 宋子文 → 人物 score=25 why=姓氏「宋」兜底 →「人物」（25 分） kb=19民国
2026-10-08 03:03:54 | DEBUG | 判定 | 宋庆龄 → 人物 score=25 why=姓氏「宋」兜底 →「人物」（25 分） kb=19民国
2026-10-08 03:03:54 | DEBUG | 判定 | 宋教仁 → 人物 score=25 why=姓氏「宋」兜底 →「人物」（25 分） kb=19民国
2026-10-08 03:03:54 | DEBUG | 判定 | 宋美龄 → 人物 score=25 why=姓氏「宋」兜底 →「人物」（25 分） kb=19民国
2026-10-08 03:03:54 | DEBUG | 判定 | 宣统帝 → 人物 score=30 why=姓氏「宣」+ 仅单字概念命中 → 人名优先「人物」（30 分） kb=19民国
2026-10-08 03:03:54 | DEBUG | 判定 | 山县有朋 → 人物 score=40 why=少数民族/外来姓名「山县…」 →「人物」（40 分） kb=19民国
2026-10-08 03:03:54 | DEBUG | 判定 | 岑春煊 → 人物 score=25 why=姓氏「岑」兜底 →「人物」（25 分） kb=19民国
2026-10-08 03:03:54 | DEBUG | 判定 | 左宗棠 → 人物 score=25 why=姓氏「左」兜底 →「人物」（25 分） kb=19民国
2026-10-08 03:03:54 | DEBUG | 判定 | 广田弘毅 → 人物 score=40 why=少数民族/外来姓名「广田…」 →「人物」（40 分） kb=19民国
2026-10-08 03:03:54 | DEBUG | 判定 | 庆亲王奕劻 → 人物 score=105 why=强匹配命中 →「人物」（105 分） kb=19民国
2026-10-08 03:03:54 | DEBUG | 判定 | 康有为 → 人物 score=25 why=姓氏「康」兜底 →「人物」（25 分） kb=19民国
2026-10-08 03:03:54 | DEBUG | 判定 | 廖仲恺 → 人物 score=25 why=姓氏「廖」兜底 →「人物」（25 分） kb=19民国
2026-10-08 03:03:54 | DEBUG | 判定 | 张之洞 → 人物 score=25 why=姓氏「张」兜底 →「人物」（25 分） kb=19民国
2026-10-08 03:03:54 | DEBUG | 判定 | 张乐行 → 人物 score=25 why=姓氏「张」兜底 →「人物」（25 分） kb=19民国
2026-10-08 03:03:54 | DEBUG | 判定 | 张作霖 → 人物 score=25 why=姓氏「张」兜底 →「人物」（25 分） kb=19民国
2026-10-08 03:03:54 | DEBUG | 判定 | 张勋 → 人物 score=25 why=姓氏「张」兜底 →「人物」（25 分） kb=19民国
2026-10-08 03:03:54 | DEBUG | 判定 | 张国焘 → 人物 score=25 why=姓氏「张」兜底 →「人物」（25 分） kb=19民国
2026-10-08 03:03:54 | DEBUG | 判定 | 张学良 → 人物 score=25 why=姓氏「张」兜底 →「人物」（25 分） kb=19民国
2026-10-08 03:03:54 | DEBUG | 判定 | 张宗昌 → 人物 score=25 why=姓氏「张」兜底 →「人物」（25 分） kb=19民国
2026-10-08 03:03:54 | DEBUG | 判定 | 张群 → 人物 score=25 why=姓氏「张」兜底 →「人物」（25 分） kb=19民国
2026-10-08 03:03:54 | DEBUG | 判定 | 张自忠 → 人物 score=25 why=姓氏「张」兜底 →「人物」（25 分） kb=19民国
2026-10-08 03:03:54 | DEBUG | 判定 | 张闻天 → 人物 score=25 why=姓氏「张」兜底 →「人物」（25 分） kb=19民国
2026-10-08 03:03:54 | DEBUG | 判定 | 彭德怀 → 人物 score=25 why=姓氏「彭」兜底 →「人物」（25 分） kb=19民国
2026-10-08 03:03:54 | DEBUG | 判定 | 徐世昌 → 人物 score=25 why=姓氏「徐」兜底 →「人物」（25 分） kb=19民国
2026-10-08 03:03:54 | DEBUG | 判定 | 徐向前 → 人物 score=25 why=姓氏「徐」兜底 →「人物」（25 分） kb=19民国
2026-10-08 03:03:54 | DEBUG | 判定 | 徐寿 → 人物 score=25 why=姓氏「徐」兜底 →「人物」（25 分） kb=19民国
2026-10-08 03:03:54 | DEBUG | 判定 | 徐锡麟 → 人物 score=25 why=姓氏「徐」兜底 →「人物」（25 分） kb=19民国
2026-10-08 03:03:54 | DEBUG | 判定 | 慈禧太后 → 人物 score=11 why=概念命中 →「人物」（11 分） kb=19民国
2026-10-08 03:03:54 | DEBUG | 判定 | 戴季陶 → 人物 score=25 why=姓氏「戴」兜底 →「人物」（25 分） kb=19民国
2026-10-08 03:03:54 | DEBUG | 判定 | 戴笠 → 人物 score=25 why=姓氏「戴」兜底 →「人物」（25 分） kb=19民国
2026-10-08 03:03:54 | DEBUG | 判定 | 斯大林 → 人物 score=103 why=强匹配命中 →「人物」（103 分） kb=19民国
2026-10-08 03:03:54 | DEBUG | 判定 | 明治天皇 → 人物 score=25 why=姓氏「明」兜底 →「人物」（25 分） kb=19民国
2026-10-08 03:03:54 | DEBUG | 判定 | 昭和天皇 → 人物 score=104 why=强匹配命中 →「人物」（104 分） kb=19民国
2026-10-08 03:03:54 | DEBUG | 判定 | 曹锟 → 人物 score=25 why=姓氏「曹」兜底 →「人物」（25 分） kb=19民国
2026-10-08 03:03:54 | DEBUG | 判定 | 曾国荃 → 人物 score=25 why=姓氏「曾」兜底 →「人物」（25 分） kb=19民国
2026-10-08 03:03:54 | DEBUG | 判定 | 曾国藩 → 人物 score=25 why=姓氏「曾」兜底 →「人物」（25 分） kb=19民国
2026-10-08 03:03:54 | DEBUG | 判定 | 本庄繁 → 人物 score=103 why=强匹配命中 →「人物」（103 分） kb=19民国
2026-10-08 03:03:54 | DEBUG | 判定 | 朱德 → 人物 score=25 why=姓氏「朱」兜底 →「人物」（25 分） kb=19民国
2026-10-08 03:03:54 | DEBUG | 判定 | 李克农 → 人物 score=25 why=姓氏「李」兜底 →「人物」（25 分） kb=19民国
2026-10-08 03:03:54 | DEBUG | 判定 | 李大钊 → 人物 score=25 why=姓氏「李」兜底 →「人物」（25 分） kb=19民国
2026-10-08 03:03:54 | DEBUG | 判定 | 李宗仁 → 人物 score=25 why=姓氏「李」兜底 →「人物」（25 分） kb=19民国
2026-10-08 03:03:54 | DEBUG | 判定 | 李德 → 人物 score=25 why=姓氏「李」兜底 →「人物」（25 分） kb=19民国
2026-10-08 03:03:54 | DEBUG | 判定 | 李根源 → 人物 score=25 why=姓氏「李」兜底 →「人物」（25 分） kb=19民国
2026-10-08 03:03:54 | DEBUG | 判定 | 李福林 → 人物 score=25 why=姓氏「李」兜底 →「人物」（25 分） kb=19民国
2026-10-08 03:03:54 | DEBUG | 判定 | 李莲英 → 人物 score=25 why=姓氏「李」兜底 →「人物」（25 分） kb=19民国
2026-10-08 03:03:54 | DEBUG | 判定 | 李鸿章 → 人物 score=25 why=姓氏「李」兜底 →「人物」（25 分） kb=19民国
2026-10-08 03:03:54 | DEBUG | 判定 | 杜聿明 → 人物 score=25 why=姓氏「杜」兜底 →「人物」（25 分） kb=19民国
2026-10-08 03:03:54 | DEBUG | 判定 | 杨尚昆 → 人物 score=25 why=姓氏「杨」兜底 →「人物」（25 分） kb=19民国
2026-10-08 03:03:54 | DEBUG | 判定 | 杨虎城 → 人物 score=25 why=姓氏「杨」兜底 →「人物」（25 分） kb=19民国
2026-10-08 03:03:54 | DEBUG | 判定 | 杨靖宇 → 人物 score=25 why=姓氏「杨」兜底 →「人物」（25 分） kb=19民国
2026-10-08 03:03:54 | DEBUG | 判定 | 松冈洋右 → 人物 score=40 why=少数民族/外来姓名「松冈…」 →「人物」（40 分） kb=19民国
2026-10-08 03:03:54 | DEBUG | 判定 | 板垣征四郎 → 人物 score=40 why=少数民族/外来姓名「板垣…」 →「人物」（40 分） kb=19民国
2026-10-08 03:03:54 | DEBUG | 判定 | 林彪 → 人物 score=25 why=姓氏「林」兜底 →「人物」（25 分） kb=19民国
2026-10-08 03:03:54 | DEBUG | 判定 | 林永升 → 人物 score=25 why=姓氏「林」兜底 →「人物」（25 分） kb=19民国
2026-10-08 03:03:54 | DEBUG | 判定 | 梁启超 → 人物 score=25 why=姓氏「梁」兜底 →「人物」（25 分） kb=19民国
2026-10-08 03:03:54 | DEBUG | 判定 | 梅津美治郎 → 人物 score=25 why=姓氏「梅」兜底 →「人物」（25 分） kb=19民国
2026-10-08 03:03:54 | DEBUG | 判定 | 段祺瑞 → 人物 score=25 why=姓氏「段」兜底 →「人物」（25 分） kb=19民国
2026-10-08 03:03:54 | DEBUG | 判定 | 段芝贵 → 人物 score=25 why=姓氏「段」兜底 →「人物」（25 分） kb=19民国
2026-10-08 03:03:54 | DEBUG | 判定 | 毛泽东 → 人物 score=25 why=姓氏「毛」兜底 →「人物」（25 分） kb=19民国
2026-10-08 03:03:54 | DEBUG | 判定 | 汪精卫 → 人物 score=25 why=姓氏「汪」兜底 →「人物」（25 分） kb=19民国
2026-10-08 03:03:54 | DEBUG | 判定 | 沈葆桢 → 人物 score=25 why=姓氏「沈」兜底 →「人物」（25 分） kb=19民国
2026-10-08 03:03:54 | DEBUG | 判定 | 王占元 → 人物 score=25 why=姓氏「王」兜底 →「人物」（25 分） kb=19民国
2026-10-08 03:03:54 | DEBUG | 判定 | 王尽美 → 人物 score=25 why=姓氏「王」兜底 →「人物」（25 分） kb=19民国
2026-10-08 03:03:54 | DEBUG | 判定 | 王明 → 人物 score=25 why=姓氏「王」兜底 →「人物」（25 分） kb=19民国
2026-10-08 03:03:54 | DEBUG | 判定 | 白崇禧 → 人物 score=25 why=姓氏「白」兜底 →「人物」（25 分） kb=19民国
2026-10-08 03:03:54 | DEBUG | 判定 | 盛宣怀 → 人物 score=25 why=姓氏「盛」兜底 →「人物」（25 分） kb=19民国
2026-10-08 03:03:54 | DEBUG | 判定 | 瞿秋白 → 人物 score=25 why=姓氏「瞿」兜底 →「人物」（25 分） kb=19民国
2026-10-08 03:03:54 | DEBUG | 判定 | 石原莞尔 → 人物 score=40 why=少数民族/外来姓名「石原…」 →「人物」（40 分） kb=19民国
2026-10-08 03:03:54 | DEBUG | 判定 | 秋瑾 → 人物 score=25 why=姓氏「秋」兜底 →「人物」（25 分） kb=19民国
2026-10-08 03:03:54 | DEBUG | 判定 | 章太炎 → 人物 score=25 why=姓氏「章」兜底 →「人物」（25 分） kb=19民国
2026-10-08 03:03:54 | DEBUG | 判定 | 端方 → 人物 score=102 why=强匹配命中 →「人物」（102 分） kb=19民国
2026-10-08 03:03:54 | DEBUG | 判定 | 粟裕 → 人物 score=102 why=强匹配命中 →「人物」（102 分） kb=19民国
2026-10-08 03:03:54 | DEBUG | 判定 | 罗家伦 → 人物 score=25 why=姓氏「罗」兜底 →「人物」（25 分） kb=19民国
2026-10-08 03:03:54 | DEBUG | 判定 | 罗斯福 → 人物 score=25 why=姓氏「罗」兜底 →「人物」（25 分） kb=19民国
2026-10-08 03:03:54 | DEBUG | 判定 | 罗荣桓 → 人物 score=25 why=姓氏「罗」兜底 →「人物」（25 分） kb=19民国
2026-10-08 03:03:54 | DEBUG | 判定 | 聂荣臻 → 人物 score=25 why=姓氏「聂」兜底 →「人物」（25 分） kb=19民国
2026-10-08 03:03:54 | DEBUG | 判定 | 胡林翼 → 人物 score=25 why=姓氏「胡」兜底 →「人物」（25 分） kb=19民国
2026-10-08 03:03:54 | DEBUG | 判定 | 胡汉民 → 人物 score=25 why=姓氏「胡」兜底 →「人物」（25 分） kb=19民国
2026-10-08 03:03:54 | DEBUG | 判定 | 胡适 → 人物 score=25 why=姓氏「胡」兜底 →「人物」（25 分） kb=19民国
2026-10-08 03:03:54 | DEBUG | 判定 | 荣禄 → 人物 score=25 why=姓氏「荣」兜底 →「人物」（25 分） kb=19民国
2026-10-08 03:03:54 | DEBUG | 判定 | 董必武 → 人物 score=25 why=姓氏「董」兜底 →「人物」（25 分） kb=19民国
2026-10-08 03:03:54 | DEBUG | 判定 | 蒋介石 → 人物 score=25 why=姓氏「蒋」兜底 →「人物」（25 分） kb=19民国
2026-10-08 03:03:54 | DEBUG | 判定 | 蒋先云 → 人物 score=25 why=姓氏「蒋」兜底 →「人物」（25 分） kb=19民国
2026-10-08 03:03:54 | DEBUG | 判定 | 蔡元培 → 人物 score=25 why=姓氏「蔡」兜底 →「人物」（25 分） kb=19民国
2026-10-08 03:03:54 | DEBUG | 判定 | 蔡锷 → 人物 score=25 why=姓氏「蔡」兜底 →「人物」（25 分） kb=19民国
2026-10-08 03:03:54 | DEBUG | 判定 | 薛岳 → 人物 score=25 why=姓氏「薛」兜底 →「人物」（25 分） kb=19民国
2026-10-08 03:03:54 | DEBUG | 判定 | 袁世凯 → 人物 score=25 why=姓氏「袁」兜底 →「人物」（25 分） kb=19民国
2026-10-08 03:03:54 | DEBUG | 判定 | 袁甲三 → 人物 score=25 why=姓氏「袁」兜底 →「人物」（25 分） kb=19民国
2026-10-08 03:03:54 | DEBUG | 判定 | 詹天佑 → 人物 score=25 why=姓氏「詹」兜底 →「人物」（25 分） kb=19民国
2026-10-08 03:03:54 | DEBUG | 判定 | 谭嗣同 → 人物 score=25 why=姓氏「谭」兜底 →「人物」（25 分） kb=19民国
2026-10-08 03:03:54 | DEBUG | 判定 | 谭延闿 → 人物 score=25 why=姓氏「谭」兜底 →「人物」（25 分） kb=19民国
2026-10-08 03:03:54 | DEBUG | 判定 | 谭震林 → 人物 score=25 why=姓氏「谭」兜底 →「人物」（25 分） kb=19民国
2026-10-08 03:03:54 | DEBUG | 判定 | 贺衷寒 → 人物 score=25 why=姓氏「贺」兜底 →「人物」（25 分） kb=19民国
2026-10-08 03:03:54 | DEBUG | 判定 | 贺龙 → 人物 score=25 why=姓氏「贺」兜底 →「人物」（25 分） kb=19民国
2026-10-08 03:03:54 | DEBUG | 判定 | 赵尚志 → 人物 score=30 why=姓氏「赵」+ 仅单字概念命中 → 人名优先「人物」（30 分） kb=19民国
2026-10-08 03:03:54 | DEBUG | 判定 | 赵登禹 → 人物 score=25 why=姓氏「赵」兜底 →「人物」（25 分） kb=19民国
2026-10-08 03:03:54 | DEBUG | 判定 | 近卫文麿 → 人物 score=40 why=少数民族/外来姓名「近卫…」 →「人物」（40 分） kb=19民国
2026-10-08 03:03:54 | DEBUG | 判定 | 邓世昌 → 人物 score=25 why=姓氏「邓」兜底 →「人物」（25 分） kb=19民国
2026-10-08 03:03:54 | DEBUG | 判定 | 邓小平 → 人物 score=25 why=姓氏「邓」兜底 →「人物」（25 分） kb=19民国
2026-10-08 03:03:54 | DEBUG | 判定 | 邓恩铭 → 人物 score=25 why=姓氏「邓」兜底 →「人物」（25 分） kb=19民国
2026-10-08 03:03:54 | DEBUG | 判定 | 邹容 → 人物 score=25 why=姓氏「邹」兜底 →「人物」（25 分） kb=19民国
2026-10-08 03:03:54 | DEBUG | 判定 | 醇亲王载沣 → 人物 score=105 why=强匹配命中 →「人物」（105 分） kb=19民国
2026-10-08 03:03:54 | DEBUG | 判定 | 铁良 → 人物 score=102 why=强匹配命中 →「人物」（102 分） kb=19民国
2026-10-08 03:03:54 | DEBUG | 判定 | 闻一多 → 人物 score=25 why=姓氏「闻」兜底 →「人物」（25 分） kb=19民国
2026-10-08 03:03:54 | DEBUG | 判定 | 阎锡山 → 人物 score=25 why=姓氏「阎」兜底 →「人物」（25 分） kb=19民国
2026-10-08 03:03:54 | DEBUG | 判定 | 阿南惟几 → 人物 score=40 why=少数民族/外来姓名「阿南…」 →「人物」（40 分） kb=19民国
2026-10-08 03:03:54 | DEBUG | 判定 | 陆奥宗光 → 人物 score=25 why=姓氏「陆」兜底 →「人物」（25 分） kb=19民国
2026-10-08 03:03:54 | DEBUG | 判定 | 陆荣廷 → 人物 score=25 why=姓氏「陆」兜底 →「人物」（25 分） kb=19民国
2026-10-08 03:03:54 | DEBUG | 判定 | 陈其美 → 人物 score=25 why=姓氏「陈」兜底 →「人物」（25 分） kb=19民国
2026-10-08 03:03:54 | DEBUG | 判定 | 陈天华 → 人物 score=25 why=姓氏「陈」兜底 →「人物」（25 分） kb=19民国
2026-10-08 03:03:54 | DEBUG | 判定 | 陈果夫 → 人物 score=25 why=姓氏「陈」兜底 →「人物」（25 分） kb=19民国
2026-10-08 03:03:54 | DEBUG | 判定 | 陈毅 → 人物 score=25 why=姓氏「陈」兜底 →「人物」（25 分） kb=19民国
2026-10-08 03:03:54 | DEBUG | 判定 | 陈济棠 → 人物 score=25 why=姓氏「陈」兜底 →「人物」（25 分） kb=19民国
2026-10-08 03:03:54 | DEBUG | 判定 | 陈潭秋 → 人物 score=25 why=姓氏「陈」兜底 →「人物」（25 分） kb=19民国
2026-10-08 03:03:54 | DEBUG | 判定 | 陈炯明 → 人物 score=25 why=姓氏「陈」兜底 →「人物」（25 分） kb=19民国
2026-10-08 03:03:54 | DEBUG | 判定 | 陈独秀 → 人物 score=25 why=姓氏「陈」兜底 →「人物」（25 分） kb=19民国
2026-10-08 03:03:54 | DEBUG | 判定 | 陈立夫 → 人物 score=25 why=姓氏「陈」兜底 →「人物」（25 分） kb=19民国
2026-10-08 03:03:54 | DEBUG | 判定 | 陈诚 → 人物 score=25 why=姓氏「陈」兜底 →「人物」（25 分） kb=19民国
2026-10-08 03:03:54 | DEBUG | 判定 | 陈赓 → 人物 score=25 why=姓氏「陈」兜底 →「人物」（25 分） kb=19民国
2026-10-08 03:03:54 | DEBUG | 判定 | 顾祝同 → 人物 score=25 why=姓氏「顾」兜底 →「人物」（25 分） kb=19民国
2026-10-08 03:03:54 | DEBUG | 判定 | 马占山 → 人物 score=25 why=姓氏「马」兜底 →「人物」（25 分） kb=19民国
2026-10-08 03:03:54 | DEBUG | 判定 | 鲁迅 → 人物 score=25 why=姓氏「鲁」兜底 →「人物」（25 分） kb=19民国
2026-10-08 03:03:54 | DEBUG | 判定 | 麦克阿瑟 → 人物 score=104 why=强匹配命中 →「人物」（104 分） kb=19民国
2026-10-08 03:03:54 | DEBUG | 判定 | 黄兴 → 人物 score=25 why=姓氏「黄」兜底 →「人物」（25 分） kb=19民国
2026-10-08 03:03:54 | DEBUG | 判定 | 黄绍竑 → 人物 score=25 why=姓氏「黄」兜底 →「人物」（25 分） kb=19民国
2026-10-08 03:03:54 | DEBUG | 判定 | 黎元洪 → 人物 score=25 why=姓氏「黎」兜底 →「人物」（25 分） kb=19民国
2026-10-08 03:03:54 | DEBUG | 判定 | 龙云 → 人物 score=25 why=姓氏「龙」兜底 →「人物」（25 分） kb=19民国
2026-10-08 03:03:54 | DEBUG | 判定 | 东北抗联 → 人物 score=25 why=姓氏「东」兜底 →「人物」（25 分） kb=19民国
2026-10-08 03:03:54 | DEBUG | 判定 | 中国 → （判不出） score=0 why=没能从名字推出类型（当前知识库类型：专题、事件、人物、共产党、军队、制度、史料、国民党、国际势力、地区、战役、时间线、条约、派系） kb=19民国
2026-10-08 03:03:54 | DEBUG | 判定 | 中国共产党 → 派系 score=100 why=通用规则：「派系」（本库存在该类型） kb=19民国
2026-10-08 03:03:54 | DEBUG | 判定 | 中国同盟会 → （判不出） score=0 why=没能从名字推出类型（当前知识库类型：专题、事件、人物、共产党、军队、制度、史料、国民党、国际势力、地区、战役、时间线、条约、派系） kb=19民国
2026-10-08 03:03:54 | DEBUG | 判定 | 中央陆军军官学校 → （判不出） score=0 why=没能从名字推出类型（当前知识库类型：专题、事件、人物、共产党、军队、制度、史料、国民党、国际势力、地区、战役、时间线、条约、派系） kb=19民国
2026-10-08 03:03:54 | DEBUG | 判定 | 井冈山 → 人物 score=25 why=姓氏「井」兜底 →「人物」（25 分） kb=19民国
2026-10-08 03:03:54 | DEBUG | 判定 | 保定系 → 派系 score=100 why=通用规则：「派系」（本库存在该类型） kb=19民国
2026-10-08 03:03:54 | DEBUG | 判定 | 共产国际 → （判不出） score=0 why=没能从名字推出类型（当前知识库类型：专题、事件、人物、共产党、军队、制度、史料、国民党、国际势力、地区、战役、时间线、条约、派系） kb=19民国
2026-10-08 03:03:54 | DEBUG | 判定 | 兴中会 → （判不出） score=0 why=没能从名字推出类型（当前知识库类型：专题、事件、人物、共产党、军队、制度、史料、国民党、国际势力、地区、战役、时间线、条约、派系） kb=19民国
2026-10-08 03:03:54 | DEBUG | 判定 | 军统 → （判不出） score=0 why=没能从名字推出类型（当前知识库类型：专题、事件、人物、共产党、军队、制度、史料、国民党、国际势力、地区、战役、时间线、条约、派系） kb=19民国
2026-10-08 03:03:54 | DEBUG | 判定 | 军部 → （判不出） score=0 why=没能从名字推出类型（当前知识库类型：专题、事件、人物、共产党、军队、制度、史料、国民党、国际势力、地区、战役、时间线、条约、派系） kb=19民国
2026-10-08 03:03:54 | DEBUG | 判定 | 北洋军阀 → 派系 score=100 why=通用规则：「派系」（本库存在该类型） kb=19民国
2026-10-08 03:03:54 | DEBUG | 判定 | 北洋系 → 派系 score=100 why=通用规则：「派系」（本库存在该类型） kb=19民国
2026-10-08 03:03:54 | DEBUG | 判定 | 南京国民政府 → （判不出） score=0 why=没能从名字推出类型（当前知识库类型：专题、事件、人物、共产党、军队、制度、史料、国民党、国际势力、地区、战役、时间线、条约、派系） kb=19民国
2026-10-08 03:03:54 | DEBUG | 判定 | 反袁力量 → （判不出） score=0 why=没能从名字推出类型（当前知识库类型：专题、事件、人物、共产党、军队、制度、史料、国民党、国际势力、地区、战役、时间线、条约、派系） kb=19民国
2026-10-08 03:03:54 | DEBUG | 判定 | 启蒙派 → 派系 score=100 why=通用规则：「派系」（本库存在该类型） kb=19民国
2026-10-08 03:03:54 | DEBUG | 判定 | 国民党 → 派系 score=100 why=通用规则：「派系」（本库存在该类型） kb=19民国
2026-10-08 03:03:54 | DEBUG | 判定 | 地方实力派 → 派系 score=100 why=通用规则：「派系」（本库存在该类型） kb=19民国
2026-10-08 03:03:54 | DEBUG | 判定 | 地方督抚 → （判不出） score=0 why=没能从名字推出类型（当前知识库类型：专题、事件、人物、共产党、军队、制度、史料、国民党、国际势力、地区、战役、时间线、条约、派系） kb=19民国
2026-10-08 03:03:54 | DEBUG | 判定 | 士官派 → 派系 score=100 why=通用规则：「派系」（本库存在该类型） kb=19民国
2026-10-08 03:03:54 | DEBUG | 判定 | 天京 → 地区 score=30 why=地名后缀「京」 →「地区」（30 分） kb=19民国
2026-10-08 03:03:54 | DEBUG | 判定 | 奉系 → 派系 score=100 why=通用规则：「派系」（本库存在该类型） kb=19民国
2026-10-08 03:03:54 | DEBUG | 判定 | 广州国民政府 → （判不出） score=0 why=没能从名字推出类型（当前知识库类型：专题、事件、人物、共产党、军队、制度、史料、国民党、国际势力、地区、战役、时间线、条约、派系） kb=19民国
2026-10-08 03:03:54 | DEBUG | 判定 | 技术官僚 → （判不出） score=0 why=没能从名字推出类型（当前知识库类型：专题、事件、人物、共产党、军队、制度、史料、国民党、国际势力、地区、战役、时间线、条约、派系） kb=19民国
2026-10-08 03:03:54 | DEBUG | 判定 | 教育界 → （判不出） score=0 why=没能从名字推出类型（当前知识库类型：专题、事件、人物、共产党、军队、制度、史料、国民党、国际势力、地区、战役、时间线、条约、派系） kb=19民国
2026-10-08 03:03:54 | DEBUG | 判定 | 新文化知识界 → （判不出） score=0 why=没能从名字推出类型（当前知识库类型：专题、事件、人物、共产党、军队、制度、史料、国民党、国际势力、地区、战役、时间线、条约、派系） kb=19民国
2026-10-08 03:03:54 | DEBUG | 判定 | 新桂系 → 派系 score=100 why=通用规则：「派系」（本库存在该类型） kb=19民国
2026-10-08 03:03:54 | DEBUG | 判定 | 日本军部 → （判不出） score=0 why=没能从名字推出类型（当前知识库类型：专题、事件、人物、共产党、军队、制度、史料、国民党、国际势力、地区、战役、时间线、条约、派系） kb=19民国
2026-10-08 03:03:54 | DEBUG | 判定 | 日本政府 → 地区 score=30 why=地名后缀「府」 →「地区」（30 分） kb=19民国
2026-10-08 03:03:54 | DEBUG | 判定 | 日本皇室 → （判不出） score=0 why=没能从名字推出类型（当前知识库类型：专题、事件、人物、共产党、军队、制度、史料、国民党、国际势力、地区、战役、时间线、条约、派系） kb=19民国
2026-10-08 03:03:54 | DEBUG | 判定 | 晋系 → 派系 score=100 why=通用规则：「派系」（本库存在该类型） kb=19民国
2026-10-08 03:03:54 | DEBUG | 判定 | 桂系 → 派系 score=100 why=通用规则：「派系」（本库存在该类型） kb=19民国
2026-10-08 03:03:54 | DEBUG | 判定 | 洋务派 → 派系 score=100 why=通用规则：「派系」（本库存在该类型） kb=19民国
2026-10-08 03:03:54 | DEBUG | 判定 | 清廷 → （判不出） score=0 why=没能从名字推出类型（当前知识库类型：专题、事件、人物、共产党、军队、制度、史料、国民党、国际势力、地区、战役、时间线、条约、派系） kb=19民国
2026-10-08 03:03:54 | DEBUG | 判定 | 湖北军政府 → （判不出） score=0 why=没能从名字推出类型（当前知识库类型：专题、事件、人物、共产党、军队、制度、史料、国民党、国际势力、地区、战役、时间线、条约、派系） kb=19民国
2026-10-08 03:03:54 | DEBUG | 判定 | 滇系 → 派系 score=100 why=通用规则：「派系」（本库存在该类型） kb=19民国
2026-10-08 03:03:54 | DEBUG | 判定 | 皖系 → 派系 score=100 why=通用规则：「派系」（本库存在该类型） kb=19民国
2026-10-08 03:03:54 | DEBUG | 判定 | 直系 → 派系 score=100 why=通用规则：「派系」（本库存在该类型） kb=19民国
2026-10-08 03:03:54 | DEBUG | 判定 | 知识界 → （判不出） score=0 why=没能从名字推出类型（当前知识库类型：专题、事件、人物、共产党、军队、制度、史料、国民党、国际势力、地区、战役、时间线、条约、派系） kb=19民国
2026-10-08 03:03:54 | DEBUG | 判定 | 粤系 → 派系 score=100 why=通用规则：「派系」（本库存在该类型） kb=19民国
2026-10-08 03:03:54 | DEBUG | 判定 | 维新派 → 派系 score=100 why=通用规则：「派系」（本库存在该类型） kb=19民国
2026-10-08 03:03:54 | DEBUG | 判定 | 美国 → （判不出） score=0 why=没能从名字推出类型（当前知识库类型：专题、事件、人物、共产党、军队、制度、史料、国民党、国际势力、地区、战役、时间线、条约、派系） kb=19民国
2026-10-08 03:03:54 | DEBUG | 判定 | 自由主义知识界 → （判不出） score=0 why=没能从名字推出类型（当前知识库类型：专题、事件、人物、共产党、军队、制度、史料、国民党、国际势力、地区、战役、时间线、条约、派系） kb=19民国
2026-10-08 03:03:54 | DEBUG | 判定 | 苏联 → 人物 score=25 why=姓氏「苏」兜底 →「人物」（25 分） kb=19民国
2026-10-08 03:03:54 | DEBUG | 判定 | 英国 → （判不出） score=0 why=没能从名字推出类型（当前知识库类型：专题、事件、人物、共产党、军队、制度、史料、国民党、国际势力、地区、战役、时间线、条约、派系） kb=19民国
2026-10-08 03:03:54 | DEBUG | 判定 | 蓝衣社 → 人物 score=25 why=姓氏「蓝」兜底 →「人物」（25 分） kb=19民国
2026-10-08 03:03:54 | DEBUG | 判定 | 进步党 → 派系 score=100 why=通用规则：「派系」（本库存在该类型） kb=19民国
2026-10-08 03:03:54 | DEBUG | 判定 | 长征 → 人物 score=25 why=姓氏「长」兜底 →「人物」（25 分） kb=19民国
2026-10-08 03:03:54 | DEBUG | 判定 | 革命派 → 派系 score=100 why=通用规则：「派系」（本库存在该类型） kb=19民国
2026-10-08 03:03:54 | DEBUG | 判定 | 革命阵营 → 军队 score=11 why=概念命中 →「军队」（11 分） kb=19民国
2026-10-08 03:03:54 | DEBUG | 判定 | 马克思主义 → 人物 score=25 why=姓氏「马」兜底 →「人物」（25 分） kb=19民国
2026-10-08 03:03:54 | DEBUG | 判定 | 黄埔系 → 派系 score=100 why=通用规则：「派系」（本库存在该类型） kb=19民国
2026-10-08 03:03:54 | DEBUG | 判定 | 04军队与军事院校 → （判不出） score=0 why=没能从名字推出类型（当前知识库类型：专题、事件、人物、共产党、军队、制度、史料、国民党、国际势力、地区、战役、时间线、条约、派系） kb=19民国
2026-10-08 03:03:54 | DEBUG | 判定 | 东北军 → 军队 score=100 why=通用规则：「军队」（本库存在该类型） kb=19民国
2026-10-08 03:03:54 | DEBUG | 判定 | 东北讲武堂 → 军队 score=100 why=通用规则：「军队」（本库存在该类型） kb=19民国
2026-10-08 03:03:54 | DEBUG | 判定 | 中华民国 → （判不出） score=0 why=没能从名字推出类型（当前知识库类型：专题、事件、人物、共产党、军队、制度、史料、国民党、国际势力、地区、战役、时间线、条约、派系） kb=19民国
2026-10-08 03:03:54 | DEBUG | 判定 | 中国人民解放军 → 军队 score=100 why=通用规则：「军队」（本库存在该类型） kb=19民国
2026-10-08 03:03:54 | DEBUG | 判定 | 中国工农红军 → 军队 score=100 why=通用规则：「军队」（本库存在该类型） kb=19民国
2026-10-08 03:03:54 | DEBUG | 判定 | 中央军 → 军队 score=100 why=通用规则：「军队」（本库存在该类型） kb=19民国
2026-10-08 03:03:54 | DEBUG | 判定 | 云南讲武堂 → 军队 score=100 why=通用规则：「军队」（本库存在该类型） kb=19民国
2026-10-08 03:03:54 | DEBUG | 判定 | 保定陆军军官学校 → 军队 score=108 why=强匹配命中 →「军队」（108 分） kb=19民国
2026-10-08 03:03:54 | DEBUG | 判定 | 八路军 → 军队 score=100 why=通用规则：「军队」（本库存在该类型） kb=19民国
2026-10-08 03:03:54 | DEBUG | 判定 | 军事委员会 → 军队 score=105 why=强匹配命中 →「军队」（105 分） kb=19民国
2026-10-08 03:03:54 | DEBUG | 判定 | 北洋军 → 军队 score=100 why=通用规则：「军队」（本库存在该类型） kb=19民国
2026-10-08 03:03:54 | DEBUG | 判定 | 北洋水师 → 军队 score=100 why=通用规则：「军队」（本库存在该类型） kb=19民国
2026-10-08 03:03:54 | DEBUG | 判定 | 各地讲武堂 → 军队 score=100 why=通用规则：「军队」（本库存在该类型） kb=19民国
2026-10-08 03:03:54 | DEBUG | 判定 | 四川讲武堂 → 军队 score=100 why=通用规则：「军队」（本库存在该类型） kb=19民国
2026-10-08 03:03:54 | DEBUG | 判定 | 国民党军 → 军队 score=100 why=通用规则：「军队」（本库存在该类型） kb=19民国
2026-10-08 03:03:54 | DEBUG | 判定 | 国民革命军 → 军队 score=100 why=通用规则：「军队」（本库存在该类型） kb=19民国
2026-10-08 03:03:54 | DEBUG | 判定 | 国民革命军第二十九军 → 军队 score=100 why=通用规则：「军队」（本库存在该类型） kb=19民国
2026-10-08 03:03:54 | DEBUG | 判定 | 广东讲武堂 → 军队 score=100 why=通用规则：「军队」（本库存在该类型） kb=19民国
2026-10-08 03:03:54 | DEBUG | 判定 | 护国军 → 军队 score=100 why=通用规则：「军队」（本库存在该类型） kb=19民国
2026-10-08 03:03:54 | DEBUG | 判定 | 新军 → 军队 score=100 why=通用规则：「军队」（本库存在该类型） kb=19民国
2026-10-08 03:03:54 | DEBUG | 判定 | 新四军 → 军队 score=100 why=通用规则：「军队」（本库存在该类型） kb=19民国
2026-10-08 03:03:54 | DEBUG | 判定 | 日本海军 → 军队 score=100 why=通用规则：「军队」（本库存在该类型） kb=19民国
2026-10-08 03:03:54 | DEBUG | 判定 | 日本陆军 → 军队 score=100 why=通用规则：「军队」（本库存在该类型） kb=19民国
2026-10-08 03:03:54 | DEBUG | 判定 | 淮军 → 军队 score=100 why=通用规则：「军队」（本库存在该类型） kb=19民国
2026-10-08 03:03:54 | DEBUG | 判定 | 清军 → 军队 score=100 why=通用规则：「军队」（本库存在该类型） kb=19民国
2026-10-08 03:03:54 | DEBUG | 判定 | 清廷陆军部 → 军队 score=105 why=强匹配命中 →「军队」（105 分） kb=19民国
2026-10-08 03:03:54 | DEBUG | 判定 | 湘军 → 军队 score=100 why=通用规则：「军队」（本库存在该类型） kb=19民国
2026-10-08 03:03:54 | DEBUG | 判定 | 粤军 → 军队 score=100 why=通用规则：「军队」（本库存在该类型） kb=19民国
2026-10-08 03:03:54 | DEBUG | 判定 | 苏联军事顾问团 → 军队 score=100 why=通用规则：「军队」（本库存在该类型） kb=19民国
2026-10-08 03:03:54 | DEBUG | 判定 | 西北军 → 军队 score=100 why=通用规则：「军队」（本库存在该类型） kb=19民国
2026-10-08 03:03:54 | DEBUG | 判定 | 黄埔军校 → 军队 score=100 why=通用规则：「军队」（本库存在该类型） kb=19民国
2026-10-08 03:03:54 | DEBUG | 判定 | 黄埔军校架构及负责人名单 → 军队 score=103 why=强匹配命中 →「军队」（103 分） kb=19民国
2026-10-08 03:03:54 | DEBUG | 判定 | 黄埔军校校史 → 军队 score=100 why=军事史类「黄埔军校校史」 →「军队」（100 分） kb=19民国
2026-10-08 03:03:54 | DEBUG | 判定 | 国民党架构及演变及主要机构负责人 → （判不出） score=0 why=没能从名字推出类型（当前知识库类型：专题、事件、人物、共产党、军队、制度、史料、国民党、国际势力、地区、战役、时间线、条约、派系） kb=19民国
2026-10-08 03:03:54 | DEBUG | 判定 | 党军制度 → 制度 score=100 why=通用规则：「制度」（本库存在该类型） kb=19民国
2026-10-08 03:03:54 | DEBUG | 判定 | 中东路事件 → 事件 score=100 why=通用规则：「事件」（本库存在该类型） kb=19民国
2026-10-08 03:03:54 | DEBUG | 判定 | 中山舰事件 → 事件 score=100 why=通用规则：「事件」（本库存在该类型） kb=19民国
2026-10-08 03:03:54 | DEBUG | 判定 | 五卅运动 → 事件 score=100 why=通用规则：「事件」（本库存在该类型） kb=19民国
2026-10-08 03:03:54 | DEBUG | 判定 | 五四运动 → 事件 score=100 why=通用规则：「事件」（本库存在该类型） kb=19民国
2026-10-08 03:03:54 | DEBUG | 判定 | 南昌起义 → 事件 score=100 why=通用规则：「事件」（本库存在该类型） kb=19民国
2026-10-08 03:03:54 | DEBUG | 判定 | 国民党一大 → 事件 score=12 why=概念命中 →「事件」（12 分） kb=19民国
2026-10-08 03:03:54 | DEBUG | 判定 | 国民革命 → 事件 score=100 why=通用规则：「事件」（本库存在该类型） kb=19民国
2026-10-08 03:03:54 | DEBUG | 判定 | 太平天国运动 → 事件 score=100 why=通用规则：「事件」（本库存在该类型） kb=19民国
2026-10-08 03:03:54 | DEBUG | 判定 | 护国运动 → 事件 score=100 why=通用规则：「事件」（本库存在该类型） kb=19民国
2026-10-08 03:03:54 | DEBUG | 判定 | 捻军起义 → 事件 score=100 why=通用规则：「事件」（本库存在该类型） kb=19民国
2026-10-08 03:03:54 | DEBUG | 判定 | 新民主主义革命 → 事件 score=100 why=通用规则：「事件」（本库存在该类型） kb=19民国
2026-10-08 03:03:54 | DEBUG | 判定 | 秋收起义 → 事件 score=100 why=通用规则：「事件」（本库存在该类型） kb=19民国
2026-10-08 03:03:54 | DEBUG | 判定 | 辛亥革命 → 事件 score=100 why=通用规则：「事件」（本库存在该类型） kb=19民国
2026-10-08 03:03:54 | DEBUG | 判定 | 武汉会战 → 战役 score=100 why=通用规则：「战役」（本库存在该类型） kb=19民国
2026-10-08 03:03:54 | DEBUG | 判定 | 淞沪会战 → 战役 score=100 why=通用规则：「战役」（本库存在该类型） kb=19民国
2026-10-08 03:03:54 | DEBUG | 判定 | 蒋桂战争 → 战役 score=100 why=通用规则：「战役」（本库存在该类型） kb=19民国
2026-10-08 03:03:54 | INFO  | 体检 | 类型判定体检 kb=19民国 scanned=339 correct=304 wrong=35 blank=25 accuracy=0.8967551622418879
2026-10-08 03:03:54 | DEBUG | 判定 | 何充 → 人物 score=25 why=姓氏「何」兜底 →「人物」（25 分） kb=06-03两晋
2026-10-08 03:03:54 | DEBUG | 判定 | 冉闵 → 人物 score=25 why=姓氏「冉」兜底 →「人物」（25 分） kb=06-03两晋
2026-10-08 03:03:54 | DEBUG | 判定 | 刘义庆 → 人物 score=25 why=姓氏「刘」兜底 →「人物」（25 分） kb=06-03两晋
2026-10-08 03:03:54 | DEBUG | 判定 | 刘弘 → 人物 score=25 why=姓氏「刘」兜底 →「人物」（25 分） kb=06-03两晋
2026-10-08 03:03:54 | DEBUG | 判定 | 刘曜 → 人物 score=25 why=姓氏「刘」兜底 →「人物」（25 分） kb=06-03两晋
2026-10-08 03:03:54 | DEBUG | 判定 | 刘渊 → 人物 score=25 why=姓氏「刘」兜底 →「人物」（25 分） kb=06-03两晋
2026-10-08 03:03:54 | DEBUG | 判定 | 刘牢之 → 人物 score=25 why=姓氏「刘」兜底 →「人物」（25 分） kb=06-03两晋
2026-10-08 03:03:54 | DEBUG | 判定 | 刘琨 → 人物 score=25 why=姓氏「刘」兜底 →「人物」（25 分） kb=06-03两晋
2026-10-08 03:03:54 | DEBUG | 判定 | 刘聪 → 人物 score=25 why=姓氏「刘」兜底 →「人物」（25 分） kb=06-03两晋
2026-10-08 03:03:54 | DEBUG | 判定 | 刘裕 → 人物 score=25 why=姓氏「刘」兜底 →「人物」（25 分） kb=06-03两晋
2026-10-08 03:03:54 | DEBUG | 判定 | 刘隗 → 人物 score=25 why=姓氏「刘」兜底 →「人物」（25 分） kb=06-03两晋
2026-10-08 03:03:54 | DEBUG | 判定 | 司马丕 → 人物 score=102 why=强匹配命中 →「人物」（102 分） kb=06-03两晋
2026-10-08 03:03:54 | DEBUG | 判定 | 司马乂 → 人物 score=102 why=强匹配命中 →「人物」（102 分） kb=06-03两晋
2026-10-08 03:03:54 | DEBUG | 判定 | 司马亮 → 人物 score=102 why=强匹配命中 →「人物」（102 分） kb=06-03两晋
2026-10-08 03:03:54 | DEBUG | 判定 | 司马伦 → 人物 score=102 why=强匹配命中 →「人物」（102 分） kb=06-03两晋
2026-10-08 03:03:54 | DEBUG | 判定 | 司马保 → 人物 score=102 why=强匹配命中 →「人物」（102 分） kb=06-03两晋
2026-10-08 03:03:54 | DEBUG | 判定 | 司马冏 → 人物 score=102 why=强匹配命中 →「人物」（102 分） kb=06-03两晋
2026-10-08 03:03:54 | DEBUG | 判定 | 司马奕 → 人物 score=102 why=强匹配命中 →「人物」（102 分） kb=06-03两晋
2026-10-08 03:03:54 | DEBUG | 判定 | 司马岳 → 人物 score=102 why=强匹配命中 →「人物」（102 分） kb=06-03两晋
2026-10-08 03:03:54 | DEBUG | 判定 | 司马德宗 → 人物 score=102 why=强匹配命中 →「人物」（102 分） kb=06-03两晋
2026-10-08 03:03:54 | DEBUG | 判定 | 司马德文 → 人物 score=102 why=强匹配命中 →「人物」（102 分） kb=06-03两晋
2026-10-08 03:03:54 | DEBUG | 判定 | 司马懿 → 人物 score=102 why=强匹配命中 →「人物」（102 分） kb=06-03两晋
2026-10-08 03:03:54 | DEBUG | 判定 | 司马昭 → 人物 score=102 why=强匹配命中 →「人物」（102 分） kb=06-03两晋
2026-10-08 03:03:54 | DEBUG | 判定 | 司马昱 → 人物 score=102 why=强匹配命中 →「人物」（102 分） kb=06-03两晋
2026-10-08 03:03:54 | DEBUG | 判定 | 司马晏 → 人物 score=102 why=强匹配命中 →「人物」（102 分） kb=06-03两晋
2026-10-08 03:03:54 | DEBUG | 判定 | 司马曜 → 人物 score=102 why=强匹配命中 →「人物」（102 分） kb=06-03两晋
2026-10-08 03:03:54 | DEBUG | 判定 | 司马炎 → 人物 score=102 why=强匹配命中 →「人物」（102 分） kb=06-03两晋
2026-10-08 03:03:54 | DEBUG | 判定 | 司马炽 → 人物 score=102 why=强匹配命中 →「人物」（102 分） kb=06-03两晋
2026-10-08 03:03:54 | DEBUG | 判定 | 司马玮 → 人物 score=102 why=强匹配命中 →「人物」（102 分） kb=06-03两晋
2026-10-08 03:03:54 | DEBUG | 判定 | 司马睿 → 人物 score=102 why=强匹配命中 →「人物」（102 分） kb=06-03两晋
2026-10-08 03:03:54 | DEBUG | 判定 | 司马绍 → 人物 score=102 why=强匹配命中 →「人物」（102 分） kb=06-03两晋
2026-10-08 03:03:54 | DEBUG | 判定 | 司马聃 → 人物 score=102 why=强匹配命中 →「人物」（102 分） kb=06-03两晋
2026-10-08 03:03:54 | DEBUG | 判定 | 司马肜 → 人物 score=102 why=强匹配命中 →「人物」（102 分） kb=06-03两晋
2026-10-08 03:03:54 | DEBUG | 判定 | 司马腾 → 人物 score=102 why=强匹配命中 →「人物」（102 分） kb=06-03两晋
2026-10-08 03:03:54 | DEBUG | 判定 | 司马衍 → 人物 score=102 why=强匹配命中 →「人物」（102 分） kb=06-03两晋
2026-10-08 03:03:54 | DEBUG | 判定 | 司马衷 → 人物 score=102 why=强匹配命中 →「人物」（102 分） kb=06-03两晋
2026-10-08 03:03:54 | DEBUG | 判定 | 司马觐 → 人物 score=102 why=强匹配命中 →「人物」（102 分） kb=06-03两晋
2026-10-08 03:03:54 | DEBUG | 判定 | 司马越 → 人物 score=102 why=强匹配命中 →「人物」（102 分） kb=06-03两晋
2026-10-08 03:03:54 | DEBUG | 判定 | 司马道子 → 人物 score=102 why=强匹配命中 →「人物」（102 分） kb=06-03两晋
2026-10-08 03:03:54 | DEBUG | 判定 | 司马遹 → 人物 score=102 why=强匹配命中 →「人物」（102 分） kb=06-03两晋
2026-10-08 03:03:54 | DEBUG | 判定 | 司马邺 → 人物 score=102 why=强匹配命中 →「人物」（102 分） kb=06-03两晋
2026-10-08 03:03:54 | DEBUG | 判定 | 司马颖 → 人物 score=102 why=强匹配命中 →「人物」（102 分） kb=06-03两晋
2026-10-08 03:03:54 | DEBUG | 判定 | 司马颙 → 人物 score=102 why=强匹配命中 →「人物」（102 分） kb=06-03两晋
2026-10-08 03:03:54 | DEBUG | 判定 | 姚兴 → 人物 score=25 why=姓氏「姚」兜底 →「人物」（25 分） kb=06-03两晋
2026-10-08 03:03:54 | DEBUG | 判定 | 姚弋仲 → 人物 score=25 why=姓氏「姚」兜底 →「人物」（25 分） kb=06-03两晋
2026-10-08 03:03:54 | DEBUG | 判定 | 姚泓 → 人物 score=25 why=姓氏「姚」兜底 →「人物」（25 分） kb=06-03两晋
2026-10-08 03:03:54 | DEBUG | 判定 | 姚苌 → 人物 score=25 why=姓氏「姚」兜底 →「人物」（25 分） kb=06-03两晋
2026-10-08 03:03:54 | DEBUG | 判定 | 姚襄 → 人物 score=25 why=姓氏「姚」兜底 →「人物」（25 分） kb=06-03两晋
2026-10-08 03:03:54 | DEBUG | 判定 | 庾亮 → 人物 score=25 why=姓氏「庾」兜底 →「人物」（25 分） kb=06-03两晋
2026-10-08 03:03:54 | DEBUG | 判定 | 庾冰 → 人物 score=25 why=姓氏「庾」兜底 →「人物」（25 分） kb=06-03两晋
2026-10-08 03:03:54 | DEBUG | 判定 | 庾翼 → 人物 score=25 why=姓氏「庾」兜底 →「人物」（25 分） kb=06-03两晋
2026-10-08 03:03:54 | DEBUG | 判定 | 张寔 → 人物 score=25 why=姓氏「张」兜底 →「人物」（25 分） kb=06-03两晋
2026-10-08 03:03:54 | DEBUG | 判定 | 张轨 → 人物 score=25 why=姓氏「张」兜底 →「人物」（25 分） kb=06-03两晋
2026-10-08 03:03:54 | DEBUG | 判定 | 张骏 → 人物 score=25 why=姓氏「张」兜底 →「人物」（25 分） kb=06-03两晋
2026-10-08 03:03:54 | DEBUG | 判定 | 慕容儁 → 人物 score=40 why=少数民族/外来姓名「慕容…」 →「人物」（40 分） kb=06-03两晋
2026-10-08 03:03:54 | DEBUG | 判定 | 慕容垂 → 人物 score=40 why=少数民族/外来姓名「慕容…」 →「人物」（40 分） kb=06-03两晋
2026-10-08 03:03:54 | DEBUG | 判定 | 慕容廆 → 人物 score=40 why=少数民族/外来姓名「慕容…」 →「人物」（40 分） kb=06-03两晋
2026-10-08 03:03:54 | DEBUG | 判定 | 慕容德 → 人物 score=40 why=少数民族/外来姓名「慕容…」 →「人物」（40 分） kb=06-03两晋
2026-10-08 03:03:54 | DEBUG | 判定 | 慕容恪 → 人物 score=40 why=少数民族/外来姓名「慕容…」 →「人物」（40 分） kb=06-03两晋
2026-10-08 03:03:54 | DEBUG | 判定 | 慕容泓 → 人物 score=40 why=少数民族/外来姓名「慕容…」 →「人物」（40 分） kb=06-03两晋
2026-10-08 03:03:54 | DEBUG | 判定 | 慕容皝 → 人物 score=40 why=少数民族/外来姓名「慕容…」 →「人物」（40 分） kb=06-03两晋
2026-10-08 03:03:54 | DEBUG | 判定 | 慕容超 → 人物 score=40 why=少数民族/外来姓名「慕容…」 →「人物」（40 分） kb=06-03两晋
2026-10-08 03:03:54 | DEBUG | 判定 | 拓跋什翼犍 → 人物 score=40 why=少数民族/外来姓名「拓跋…」 →「人物」（40 分） kb=06-03两晋
2026-10-08 03:03:54 | DEBUG | 判定 | 拓跋嗣 → 人物 score=40 why=少数民族/外来姓名「拓跋…」 →「人物」（40 分） kb=06-03两晋
2026-10-08 03:03:54 | DEBUG | 判定 | 拓跋猗卢 → 人物 score=40 why=少数民族/外来姓名「拓跋…」 →「人物」（40 分） kb=06-03两晋
2026-10-08 03:03:54 | DEBUG | 判定 | 拓跋珪 → 人物 score=40 why=少数民族/外来姓名「拓跋…」 →「人物」（40 分） kb=06-03两晋
2026-10-08 03:03:54 | DEBUG | 判定 | 李势 → 人物 score=25 why=姓氏「李」兜底 →「人物」（25 分） kb=06-03两晋
2026-10-08 03:03:54 | DEBUG | 判定 | 李暠 → 人物 score=25 why=姓氏「李」兜底 →「人物」（25 分） kb=06-03两晋
2026-10-08 03:03:54 | DEBUG | 判定 | 李特 → 人物 score=25 why=姓氏「李」兜底 →「人物」（25 分） kb=06-03两晋
2026-10-08 03:03:54 | DEBUG | 判定 | 李雄 → 人物 score=25 why=姓氏「李」兜底 →「人物」（25 分） kb=06-03两晋
2026-10-08 03:03:54 | DEBUG | 判定 | 杜弢 → 人物 score=25 why=姓氏「杜」兜底 →「人物」（25 分） kb=06-03两晋
2026-10-08 03:03:54 | DEBUG | 判定 | 杜预 → 人物 score=25 why=姓氏「杜」兜底 →「人物」（25 分） kb=06-03两晋
2026-10-08 03:03:54 | DEBUG | 判定 | 杨骏 → 人物 score=25 why=姓氏「杨」兜底 →「人物」（25 分） kb=06-03两晋
2026-10-08 03:03:54 | DEBUG | 判定 | 桓冲 → 人物 score=25 why=姓氏「桓」兜底 →「人物」（25 分） kb=06-03两晋
2026-10-08 03:03:54 | DEBUG | 判定 | 桓温 → 人物 score=25 why=姓氏「桓」兜底 →「人物」（25 分） kb=06-03两晋
2026-10-08 03:03:54 | DEBUG | 判定 | 桓玄 → 人物 score=25 why=姓氏「桓」兜底 →「人物」（25 分） kb=06-03两晋
2026-10-08 03:03:54 | DEBUG | 判定 | 殷浩 → 人物 score=25 why=姓氏「殷」兜底 →「人物」（25 分） kb=06-03两晋
2026-10-08 03:03:54 | DEBUG | 判定 | 沈约 → 人物 score=25 why=姓氏「沈」兜底 →「人物」（25 分） kb=06-03两晋
2026-10-08 03:03:54 | DEBUG | 判定 | 沮渠蒙逊 → 人物 score=40 why=少数民族/外来姓名「沮渠…」 →「人物」（40 分） kb=06-03两晋
2026-10-08 03:03:54 | DEBUG | 判定 | 法显 → 人物 score=40 why=僧道名「法显…」 →「人物」（40 分） kb=06-03两晋
2026-10-08 03:03:54 | DEBUG | 判定 | 温峤 → 人物 score=25 why=姓氏「温」兜底 →「人物」（25 分） kb=06-03两晋
2026-10-08 03:03:54 | DEBUG | 判定 | 王导 → 人物 score=25 why=姓氏「王」兜底 →「人物」（25 分） kb=06-03两晋
2026-10-08 03:03:54 | DEBUG | 判定 | 王弥 → 人物 score=25 why=姓氏「王」兜底 →「人物」（25 分） kb=06-03两晋
2026-10-08 03:03:54 | DEBUG | 判定 | 王敦 → 人物 score=25 why=姓氏「王」兜底 →「人物」（25 分） kb=06-03两晋
2026-10-08 03:03:54 | DEBUG | 判定 | 王浑 → 人物 score=25 why=姓氏「王」兜底 →「人物」（25 分） kb=06-03两晋
2026-10-08 03:03:54 | DEBUG | 判定 | 王浚 → 人物 score=25 why=姓氏「王」兜底 →「人物」（25 分） kb=06-03两晋
2026-10-08 03:03:54 | DEBUG | 判定 | 王濬 → 人物 score=25 why=姓氏「王」兜底 →「人物」（25 分） kb=06-03两晋
2026-10-08 03:03:54 | DEBUG | 判定 | 王猛 → 人物 score=25 why=姓氏「王」兜底 →「人物」（25 分） kb=06-03两晋
2026-10-08 03:03:54 | DEBUG | 判定 | 王献之 → 人物 score=25 why=姓氏「王」兜底 →「人物」（25 分） kb=06-03两晋
2026-10-08 03:03:54 | DEBUG | 判定 | 王羲之 → 人物 score=25 why=姓氏「王」兜底 →「人物」（25 分） kb=06-03两晋
2026-10-08 03:03:54 | DEBUG | 判定 | 王衍 → 人物 score=25 why=姓氏「王」兜底 →「人物」（25 分） kb=06-03两晋
2026-10-08 03:03:54 | DEBUG | 判定 | 皇甫谧 → 人物 score=25 why=姓氏「皇甫」兜底 →「人物」（25 分） kb=06-03两晋
2026-10-08 03:03:54 | DEBUG | 判定 | 石勒 → 人物 score=25 why=姓氏「石」兜底 →「人物」（25 分） kb=06-03两晋
2026-10-08 03:03:54 | DEBUG | 判定 | 石虎 → 人物 score=25 why=姓氏「石」兜底 →「人物」（25 分） kb=06-03两晋
2026-10-08 03:03:54 | DEBUG | 判定 | 祖约 → 人物 score=25 why=姓氏「祖」兜底 →「人物」（25 分） kb=06-03两晋
2026-10-08 03:03:54 | DEBUG | 判定 | 祖逖 → 人物 score=25 why=姓氏「祖」兜底 →「人物」（25 分） kb=06-03两晋
2026-10-08 03:03:54 | DEBUG | 判定 | 索綝 → 人物 score=25 why=姓氏「索」兜底 →「人物」（25 分） kb=06-03两晋
2026-10-08 03:03:54 | DEBUG | 判定 | 羊献容 → 人物 score=25 why=姓氏「羊」兜底 →「人物」（25 分） kb=06-03两晋
2026-10-08 03:03:54 | DEBUG | 判定 | 苏峻 → 人物 score=25 why=姓氏「苏」兜底 →「人物」（25 分） kb=06-03两晋
2026-10-08 03:03:54 | DEBUG | 判定 | 萧衍 → 人物 score=25 why=姓氏「萧」兜底 →「人物」（25 分） kb=06-03两晋
2026-10-08 03:03:54 | DEBUG | 判定 | 萧道成 → 人物 score=25 why=姓氏「萧」兜底 →「人物」（25 分） kb=06-03两晋
2026-10-08 03:03:54 | DEBUG | 判定 | 葛洪 → 人物 score=40 why=僧道名「葛洪…」 →「人物」（40 分） kb=06-03两晋
2026-10-08 03:03:54 | DEBUG | 判定 | 裴秀 → 人物 score=25 why=姓氏「裴」兜底 →「人物」（25 分） kb=06-03两晋
2026-10-08 03:03:54 | DEBUG | 判定 | 褚裒 → 人物 score=25 why=姓氏「褚」兜底 →「人物」（25 分） kb=06-03两晋
2026-10-08 03:03:54 | DEBUG | 判定 | 谢安 → 人物 score=25 why=姓氏「谢」兜底 →「人物」（25 分） kb=06-03两晋
2026-10-08 03:03:54 | DEBUG | 判定 | 谢玄 → 人物 score=25 why=姓氏「谢」兜底 →「人物」（25 分） kb=06-03两晋
2026-10-08 03:03:54 | DEBUG | 判定 | 谢道韫 → 人物 score=25 why=姓氏「谢」兜底 →「人物」（25 分） kb=06-03两晋
2026-10-08 03:03:54 | DEBUG | 判定 | 贾充 → 人物 score=25 why=姓氏「贾」兜底 →「人物」（25 分） kb=06-03两晋
2026-10-08 03:03:54 | DEBUG | 判定 | 贾南风 → 人物 score=25 why=姓氏「贾」兜底 →「人物」（25 分） kb=06-03两晋
2026-10-08 03:03:54 | DEBUG | 判定 | 贾疋 → 人物 score=25 why=姓氏「贾」兜底 →「人物」（25 分） kb=06-03两晋
2026-10-08 03:03:54 | DEBUG | 判定 | 赫连勃勃 → 人物 score=40 why=少数民族/外来姓名「赫连…」 →「人物」（40 分） kb=06-03两晋
2026-10-08 03:03:54 | DEBUG | 判定 | 道安 → 人物 score=40 why=僧道名「道安…」 →「人物」（40 分） kb=06-03两晋
2026-10-08 03:03:54 | DEBUG | 判定 | 邓艾 → 人物 score=25 why=姓氏「邓」兜底 →「人物」（25 分） kb=06-03两晋
2026-10-08 03:03:54 | DEBUG | 判定 | 郭璞 → 人物 score=25 why=姓氏「郭」兜底 →「人物」（25 分） kb=06-03两晋
2026-10-08 03:03:54 | DEBUG | 判定 | 陈寿 → 人物 score=25 why=姓氏「陈」兜底 →「人物」（25 分） kb=06-03两晋
2026-10-08 03:03:54 | DEBUG | 判定 | 陈霸先 → 人物 score=25 why=姓氏「陈」兜底 →「人物」（25 分） kb=06-03两晋
2026-10-08 03:03:54 | DEBUG | 判定 | 陶侃 → 人物 score=25 why=姓氏「陶」兜底 →「人物」（25 分） kb=06-03两晋
2026-10-08 03:03:54 | DEBUG | 判定 | 陶渊明 → 人物 score=25 why=姓氏「陶」兜底 →「人物」（25 分） kb=06-03两晋
2026-10-08 03:03:54 | DEBUG | 判定 | 顾恺之 → 人物 score=25 why=姓氏「顾」兜底 →「人物」（25 分） kb=06-03两晋
2026-10-08 03:03:54 | DEBUG | 判定 | 佛教的南传与本土化 → 事件 score=109 why=强匹配命中 →「事件」（109 分） kb=06-03两晋
2026-10-08 03:03:54 | DEBUG | 判定 | 八王之乱 → 事件 score=12 why=概念命中 →「事件」（12 分） kb=06-03两晋
2026-10-08 03:03:54 | DEBUG | 判定 | 天师道与江南社会 → 事件 score=108 why=强匹配命中 →「事件」（108 分） kb=06-03两晋
2026-10-08 03:03:54 | DEBUG | 判定 | 孙恩之乱 → 事件 score=12 why=概念命中 →「事件」（12 分） kb=06-03两晋
2026-10-08 03:03:54 | DEBUG | 判定 | 桓玄篡位 1 → 事件 score=12 why=概念命中 →「事件」（12 分） kb=06-03两晋
2026-10-08 03:03:54 | DEBUG | 判定 | 桓玄篡位 → 事件 score=12 why=概念命中 →「事件」（12 分） kb=06-03两晋
2026-10-08 03:03:54 | DEBUG | 判定 | 永嘉之乱 → 事件 score=12 why=概念命中 →「事件」（12 分） kb=06-03两晋
2026-10-08 03:03:54 | DEBUG | 判定 | 王敦之乱 → 事件 score=12 why=概念命中 →「事件」（12 分） kb=06-03两晋
2026-10-08 03:03:54 | DEBUG | 判定 | 苏峻之乱 → 事件 score=12 why=概念命中 →「事件」（12 分） kb=06-03两晋
2026-10-08 03:03:54 | DEBUG | 判定 | 衣冠南渡 → 事件 score=14 why=概念命中 →「事件」（14 分） kb=06-03两晋
2026-10-08 03:03:54 | DEBUG | 判定 | 魏晋禅代 → 事件 score=12 why=概念命中 →「事件」（12 分） kb=06-03两晋
2026-10-08 03:03:54 | DEBUG | 判定 | 刘裕北伐 → 战争 score=12 why=概念命中 →「战争」（12 分） kb=06-03两晋
2026-10-08 03:03:54 | DEBUG | 判定 | 桓温北伐 → 战争 score=12 why=概念命中 →「战争」（12 分） kb=06-03两晋
2026-10-08 03:03:54 | DEBUG | 判定 | 殷浩北伐 → 战争 score=12 why=概念命中 →「战争」（12 分） kb=06-03两晋
2026-10-08 03:03:54 | DEBUG | 判定 | 淝水之战 → 战争 score=12 why=概念命中 →「战争」（12 分） kb=06-03两晋
2026-10-08 03:03:54 | DEBUG | 判定 | 祖逖北伐 → 战争 score=12 why=概念命中 →「战争」（12 分） kb=06-03两晋
2026-10-08 03:03:54 | DEBUG | 判定 | 代国 → 政权 score=90 why=国号「代国」 →「政权」（90 分） kb=06-03两晋
2026-10-08 03:03:54 | DEBUG | 判定 | 冉魏 → 政权 score=90 why=国号「魏」 →「政权」（90 分） kb=06-03两晋
2026-10-08 03:03:54 | DEBUG | 判定 | 刘宋 → 政权 score=90 why=国号「宋」 →「政权」（90 分） kb=06-03两晋
2026-10-08 03:03:54 | DEBUG | 判定 | 后凉 → 政权 score=90 why=国号「凉」 →「政权」（90 分） kb=06-03两晋
2026-10-08 03:03:54 | DEBUG | 判定 | 后燕 → 政权 score=90 why=国号「燕」 →「政权」（90 分） kb=06-03两晋
2026-10-08 03:03:54 | DEBUG | 判定 | 后秦 → 政权 score=90 why=国号「秦」 →「政权」（90 分） kb=06-03两晋
2026-10-08 03:03:54 | DEBUG | 判定 | 后赵 → 政权 score=90 why=国号「赵」 →「政权」（90 分） kb=06-03两晋
2026-10-08 03:03:54 | DEBUG | 判定 | 孙吴 → 政权 score=90 why=国号「吴」 →「政权」（90 分） kb=06-03两晋
2026-10-08 03:03:54 | DEBUG | 判定 | 胡夏 → 政权 score=90 why=国号「夏」 →「政权」（90 分） kb=06-03两晋
2026-10-08 03:03:54 | DEBUG | 判定 | 高句丽 → 政权 score=90 why=国号「高句丽」 →「政权」（90 分） kb=06-03两晋
2026-10-08 03:03:54 | DEBUG | 判定 | 九品中正制 → 制度 score=12 why=概念命中 →「制度」（12 分） kb=06-03两晋
2026-10-08 03:03:54 | DEBUG | 判定 | 九品中正制的固化 → 制度 score=12 why=概念命中 →「制度」（12 分） kb=06-03两晋
2026-10-08 03:03:54 | DEBUG | 判定 | 占田荫客制的推行 → 制度 score=12 why=概念命中 →「制度」（12 分） kb=06-03两晋
2026-10-08 03:03:54 | DEBUG | 判定 | 元康之治 → 年号 score=12 why=概念命中 →「年号」（12 分） kb=06-03两晋
2026-10-08 03:03:54 | DEBUG | 判定 | 太康之治 → 年号 score=12 why=概念命中 →「年号」（12 分） kb=06-03两晋
2026-10-08 03:03:54 | DEBUG | 判定 | 寿春 → 历史地理 score=30 why=地名「寿春」 →「历史地理」（30 分） kb=06-03两晋
2026-10-08 03:03:54 | DEBUG | 判定 | 建康 → 历史地理 score=30 why=地名「建康」 →「历史地理」（30 分） kb=06-03两晋
2026-10-08 03:03:54 | DEBUG | 判定 | 洛阳 → 历史地理 score=30 why=地名「洛阳」 →「历史地理」（30 分） kb=06-03两晋
2026-10-08 03:03:54 | DEBUG | 判定 | 石头城 → 人物 score=30 why=姓氏「石」+ 仅单字概念命中 → 人名优先「人物」（30 分） kb=06-03两晋
2026-10-08 03:03:54 | DEBUG | 判定 | 荆州 → 历史地理 score=11 why=概念命中 →「历史地理」（11 分） kb=06-03两晋
2026-10-08 03:03:54 | DEBUG | 判定 | 邺城 → 历史地理 score=11 why=概念命中 →「历史地理」（11 分） kb=06-03两晋
2026-10-08 03:03:54 | DEBUG | 判定 | 长安 → 历史地理 score=30 why=地名「长安」 →「历史地理」（30 分） kb=06-03两晋
2026-10-08 03:03:54 | DEBUG | 判定 | 五胡内迁 → 民族与族群 score=12 why=概念命中 →「民族与族群」（12 分） kb=06-03两晋
2026-10-08 03:03:54 | DEBUG | 判定 | 慕容鲜卑 → 民族与族群 score=12 why=概念命中 →「民族与族群」（12 分） kb=06-03两晋
2026-10-08 03:03:54 | DEBUG | 判定 | 拓跋鲜卑 → 民族与族群 score=12 why=概念命中 →「民族与族群」（12 分） kb=06-03两晋
2026-10-08 03:03:54 | INFO  | 体检 | 类型判定体检 kb=06-03两晋 scanned=160 correct=159 wrong=1 blank=0 accuracy=0.99375
