===== 运行日志 开始 2026-10-08 03:03:01 | 程序目录=G:\工具库\民国历史知识库_AI_V2.0_稳定版\民国历史知识库 | frozen=False | 版本=V1.0 =====
2026-10-08 03:03:01 | DEBUG | 判定 | 赵尚志 → 人物 score=30 why=姓氏「赵」+ 仅单字概念命中 → 人名优先「人物」（30 分） kb=19民国
2026-10-08 03:03:01 | DEBUG | 判定 | 阎锡山 → 人物 score=25 why=姓氏「阎」兜底 →「人物」（25 分） kb=19民国
2026-10-08 03:03:01 | DEBUG | 判定 | 马占山 → 人物 score=25 why=姓氏「马」兜底 →「人物」（25 分） kb=19民国
2026-10-08 03:03:01 | DEBUG | 判定 | 国民党一大 → 人物 score=25 why=姓氏「国」兜底 →「人物」（25 分） kb=19民国
2026-10-08 03:03:01 | DEBUG | 判定 | 黄埔军校校史 → 军队 score=100 why=军事史类「黄埔军校校史」 →「军队」（100 分） kb=19民国
2026-10-08 03:03:01 | DEBUG | 判定 | 建康 → 地区 score=30 why=地名「建康」 →「地区」（30 分） kb=19民国
2026-10-08 03:03:01 | DEBUG | 判定 | 洛阳 → 地区 score=30 why=地名「洛阳」 →「地区」（30 分） kb=19民国
2026-10-08 03:03:01 | DEBUG | 判定 | 孙中山 → 人物 score=25 why=姓氏「孙」兜底 →「人物」（25 分） kb=19民国
2026-10-08 03:03:01 | DEBUG | 判定 | 斯大林 → （判不出） score=0 why=没能从名字推出类型（当前知识库类型：专题、事件、人物、共产党、军队、制度、史料、国民党、国际势力、地区、战役、时间线、条约、派系） kb=19民国
2026-10-08 03:03:01 | DEBUG | 判定 | 宋书 → 史料 score=11 why=概念命中 →「史料」（11 分） kb=19民国
2026-10-08 03:03:01 | DEBUG | 判定 | 建康 → 历史地理 score=30 why=地名「建康」 →「历史地理」（30 分） kb=06-03两晋
2026-10-08 03:03:01 | DEBUG | 判定 | 洛阳 → 历史地理 score=30 why=地名「洛阳」 →「历史地理」（30 分） kb=06-03两晋
2026-10-08 03:03:01 | DEBUG | 判定 | 谢安北伐 → 战争 score=12 why=概念命中 →「战争」（12 分） kb=06-03两晋
2026-10-08 03:03:01 | DEBUG | 判定 | 八王之乱 → 事件 score=12 why=概念命中 →「事件」（12 分） kb=06-03两晋
2026-10-08 03:03:01 | DEBUG | 判定 | 衣冠南渡 → 事件 score=14 why=概念命中 →「事件」（14 分） kb=06-03两晋
2026-10-08 03:03:01 | DEBUG | 判定 | 成汉 → 政权 score=90 why=国号「汉」 →「政权」（90 分） kb=06-03两晋
2026-10-08 03:03:01 | DEBUG | 判定 | 金 → 政权 score=90 why=国号「金」 →「政权」（90 分） kb=06-03两晋
2026-10-08 03:03:01 | DEBUG | 判定 | 岳飞 → 人物 score=25 why=姓氏「岳」兜底 →「人物」（25 分） kb=06-03两晋
2026-10-08 03:03:01 | DEBUG | 判定 | 耶律阿保机 → 人物 score=40 why=少数民族/外来姓名「耶律…」 →「人物」（40 分） kb=06-03两晋
2026-10-08 03:03:01 | DEBUG | 判定 | 澶渊之盟 → 史料 score=60 why=条约/盟约类「澶渊之盟」 →「史料」（60 分） kb=06-03两晋
