===== 运行日志 开始 2026-10-08 03:04:28 | 程序目录=G:\工具库\民国历史知识库_AI_V2.0_稳定版\民国历史知识库 | frozen=False | 版本=V1.0 =====
2026-10-08 03:04:28 | DEBUG | 判定 | 赵尚志 → 人物 score=30 why=姓氏「赵」+ 仅单字概念命中 → 人名优先「人物」（30 分） kb=19民国
2026-10-08 03:04:28 | DEBUG | 判定 | 阎锡山 → 人物 score=25 why=姓氏「阎」兜底 →「人物」（25 分） kb=19民国
2026-10-08 03:04:28 | DEBUG | 判定 | 马占山 → 人物 score=25 why=姓氏「马」兜底 →「人物」（25 分） kb=19民国
2026-10-08 03:04:28 | DEBUG | 判定 | 国民党一大 → 事件 score=12 why=概念命中 →「事件」（12 分） kb=19民国
2026-10-08 03:04:28 | DEBUG | 判定 | 黄埔军校校史 → 军队 score=100 why=军事史类「黄埔军校校史」 →「军队」（100 分） kb=19民国
2026-10-08 03:04:28 | DEBUG | 判定 | 建康 → 地区 score=30 why=地名「建康」 →「地区」（30 分） kb=19民国
2026-10-08 03:04:28 | DEBUG | 判定 | 洛阳 → 地区 score=30 why=地名「洛阳」 →「地区」（30 分） kb=19民国
2026-10-08 03:04:28 | DEBUG | 判定 | 孙中山 → 人物 score=25 why=姓氏「孙」兜底 →「人物」（25 分） kb=19民国
2026-10-08 03:04:28 | DEBUG | 判定 | 宋书 → 史料 score=11 why=概念命中 →「史料」（11 分） kb=19民国
2026-10-08 03:04:28 | DEBUG | 判定 | 斯大林 → 人物 score=103 why=强匹配命中 →「人物」（103 分） kb=19民国
2026-10-08 03:04:28 | DEBUG | 判定 | 麦克阿瑟 → 人物 score=104 why=强匹配命中 →「人物」（104 分） kb=19民国
2026-10-08 03:04:28 | DEBUG | 判定 | 博古 → 人物 score=102 why=强匹配命中 →「人物」（102 分） kb=19民国
2026-10-08 03:04:28 | DEBUG | 判定 | 粟裕 → 人物 score=102 why=强匹配命中 →「人物」（102 分） kb=19民国
2026-10-08 03:04:28 | DEBUG | 判定 | 军事委员会 → 军队 score=105 why=强匹配命中 →「军队」（105 分） kb=19民国
2026-10-08 03:04:28 | DEBUG | 判定 | 清廷陆军部 → 军队 score=105 why=强匹配命中 →「军队」（105 分） kb=19民国
2026-10-08 03:04:28 | DEBUG | 判定 | 保定陆军军官学校 → 军队 score=108 why=强匹配命中 →「军队」（108 分） kb=19民国
2026-10-08 03:04:28 | DEBUG | 判定 | 建康 → 历史地理 score=30 why=地名「建康」 →「历史地理」（30 分） kb=06-03两晋
2026-10-08 03:04:28 | DEBUG | 判定 | 洛阳 → 历史地理 score=30 why=地名「洛阳」 →「历史地理」（30 分） kb=06-03两晋
2026-10-08 03:04:28 | DEBUG | 判定 | 谢安北伐 → 战争 score=12 why=概念命中 →「战争」（12 分） kb=06-03两晋
2026-10-08 03:04:28 | DEBUG | 判定 | 桓温北伐 → 战争 score=12 why=概念命中 →「战争」（12 分） kb=06-03两晋
2026-10-08 03:04:28 | DEBUG | 判定 | 八王之乱 → 事件 score=12 why=概念命中 →「事件」（12 分） kb=06-03两晋
2026-10-08 03:04:28 | DEBUG | 判定 | 衣冠南渡 → 事件 score=14 why=概念命中 →「事件」（14 分） kb=06-03两晋
2026-10-08 03:04:28 | DEBUG | 判定 | 桓玄篡位 → 事件 score=12 why=概念命中 →「事件」（12 分） kb=06-03两晋
2026-10-08 03:04:28 | DEBUG | 判定 | 成汉 → 政权 score=90 why=国号「汉」 →「政权」（90 分） kb=06-03两晋
2026-10-08 03:04:28 | DEBUG | 判定 | 东晋 → 政权 score=90 why=国号「晋」 →「政权」（90 分） kb=06-03两晋
2026-10-08 03:04:28 | DEBUG | 判定 | 北魏 → 政权 score=90 why=国号「魏」 →「政权」（90 分） kb=06-03两晋
2026-10-08 03:04:28 | DEBUG | 判定 | 金 → 政权 score=90 why=国号「金」 →「政权」（90 分） kb=06-03两晋
2026-10-08 03:04:28 | DEBUG | 判定 | 岳飞 → 人物 score=25 why=姓氏「岳」兜底 →「人物」（25 分） kb=06-03两晋
2026-10-08 03:04:28 | DEBUG | 判定 | 耶律阿保机 → 人物 score=40 why=少数民族/外来姓名「耶律…」 →「人物」（40 分） kb=06-03两晋
2026-10-08 03:04:28 | DEBUG | 判定 | 司马炎 → 人物 score=102 why=强匹配命中 →「人物」（102 分） kb=06-03两晋
2026-10-08 03:04:28 | DEBUG | 判定 | 澶渊之盟 → 史料 score=60 why=条约/盟约类「澶渊之盟」 →「史料」（60 分） kb=06-03两晋
