===== 运行日志 开始 2026-10-08 03:04:12 | 程序目录=G:\工具库\民国历史知识库_AI_V2.0_稳定版\民国历史知识库 | frozen=False | 版本=V1.0 =====
2026-10-08 03:04:12 | DEBUG | 判定 | 何充 → 人物 score=25 why=姓氏「何」兜底 →「人物」（25 分） kb=06-03两晋
2026-10-08 03:04:12 | DEBUG | 判定 | 冉闵 → 人物 score=25 why=姓氏「冉」兜底 →「人物」（25 分） kb=06-03两晋
2026-10-08 03:04:12 | DEBUG | 判定 | 刘义庆 → 人物 score=25 why=姓氏「刘」兜底 →「人物」（25 分） kb=06-03两晋
2026-10-08 03:04:12 | DEBUG | 判定 | 刘弘 → 人物 score=25 why=姓氏「刘」兜底 →「人物」（25 分） kb=06-03两晋
2026-10-08 03:04:12 | DEBUG | 判定 | 刘曜 → 人物 score=25 why=姓氏「刘」兜底 →「人物」（25 分） kb=06-03两晋
2026-10-08 03:04:12 | DEBUG | 判定 | 刘渊 → 人物 score=25 why=姓氏「刘」兜底 →「人物」（25 分） kb=06-03两晋
2026-10-08 03:04:12 | DEBUG | 判定 | 刘牢之 → 人物 score=25 why=姓氏「刘」兜底 →「人物」（25 分） kb=06-03两晋
2026-10-08 03:04:12 | DEBUG | 判定 | 刘琨 → 人物 score=25 why=姓氏「刘」兜底 →「人物」（25 分） kb=06-03两晋
2026-10-08 03:04:12 | DEBUG | 判定 | 刘聪 → 人物 score=25 why=姓氏「刘」兜底 →「人物」（25 分） kb=06-03两晋
2026-10-08 03:04:12 | DEBUG | 判定 | 刘裕 → 人物 score=25 why=姓氏「刘」兜底 →「人物」（25 分） kb=06-03两晋
2026-10-08 03:04:12 | DEBUG | 判定 | 刘隗 → 人物 score=25 why=姓氏「刘」兜底 →「人物」（25 分） kb=06-03两晋
2026-10-08 03:04:12 | DEBUG | 判定 | 司马丕 → 人物 score=102 why=强匹配命中 →「人物」（102 分） kb=06-03两晋
2026-10-08 03:04:12 | DEBUG | 判定 | 司马乂 → 人物 score=102 why=强匹配命中 →「人物」（102 分） kb=06-03两晋
2026-10-08 03:04:12 | DEBUG | 判定 | 司马亮 → 人物 score=102 why=强匹配命中 →「人物」（102 分） kb=06-03两晋
2026-10-08 03:04:12 | DEBUG | 判定 | 司马伦 → 人物 score=102 why=强匹配命中 →「人物」（102 分） kb=06-03两晋
2026-10-08 03:04:12 | DEBUG | 判定 | 司马保 → 人物 score=102 why=强匹配命中 →「人物」（102 分） kb=06-03两晋
2026-10-08 03:04:12 | DEBUG | 判定 | 司马冏 → 人物 score=102 why=强匹配命中 →「人物」（102 分） kb=06-03两晋
2026-10-08 03:04:12 | DEBUG | 判定 | 司马奕 → 人物 score=102 why=强匹配命中 →「人物」（102 分） kb=06-03两晋
2026-10-08 03:04:12 | DEBUG | 判定 | 司马岳 → 人物 score=102 why=强匹配命中 →「人物」（102 分） kb=06-03两晋
2026-10-08 03:04:12 | DEBUG | 判定 | 司马德宗 → 人物 score=102 why=强匹配命中 →「人物」（102 分） kb=06-03两晋
2026-10-08 03:04:12 | DEBUG | 判定 | 司马德文 → 人物 score=102 why=强匹配命中 →「人物」（102 分） kb=06-03两晋
2026-10-08 03:04:12 | DEBUG | 判定 | 司马懿 → 人物 score=102 why=强匹配命中 →「人物」（102 分） kb=06-03两晋
2026-10-08 03:04:12 | DEBUG | 判定 | 司马昭 → 人物 score=102 why=强匹配命中 →「人物」（102 分） kb=06-03两晋
2026-10-08 03:04:12 | DEBUG | 判定 | 司马昱 → 人物 score=102 why=强匹配命中 →「人物」（102 分） kb=06-03两晋
2026-10-08 03:04:12 | DEBUG | 判定 | 司马晏 → 人物 score=102 why=强匹配命中 →「人物」（102 分） kb=06-03两晋
2026-10-08 03:04:12 | DEBUG | 判定 | 司马曜 → 人物 score=102 why=强匹配命中 →「人物」（102 分） kb=06-03两晋
2026-10-08 03:04:12 | DEBUG | 判定 | 司马炎 → 人物 score=102 why=强匹配命中 →「人物」（102 分） kb=06-03两晋
2026-10-08 03:04:12 | DEBUG | 判定 | 司马炽 → 人物 score=102 why=强匹配命中 →「人物」（102 分） kb=06-03两晋
2026-10-08 03:04:12 | DEBUG | 判定 | 司马玮 → 人物 score=102 why=强匹配命中 →「人物」（102 分） kb=06-03两晋
2026-10-08 03:04:12 | DEBUG | 判定 | 司马睿 → 人物 score=102 why=强匹配命中 →「人物」（102 分） kb=06-03两晋
2026-10-08 03:04:12 | DEBUG | 判定 | 司马绍 → 人物 score=102 why=强匹配命中 →「人物」（102 分） kb=06-03两晋
2026-10-08 03:04:12 | DEBUG | 判定 | 司马聃 → 人物 score=102 why=强匹配命中 →「人物」（102 分） kb=06-03两晋
2026-10-08 03:04:12 | DEBUG | 判定 | 司马肜 → 人物 score=102 why=强匹配命中 →「人物」（102 分） kb=06-03两晋
2026-10-08 03:04:12 | DEBUG | 判定 | 司马腾 → 人物 score=102 why=强匹配命中 →「人物」（102 分） kb=06-03两晋
2026-10-08 03:04:12 | DEBUG | 判定 | 司马衍 → 人物 score=102 why=强匹配命中 →「人物」（102 分） kb=06-03两晋
2026-10-08 03:04:12 | DEBUG | 判定 | 司马衷 → 人物 score=102 why=强匹配命中 →「人物」（102 分） kb=06-03两晋
2026-10-08 03:04:12 | DEBUG | 判定 | 司马觐 → 人物 score=102 why=强匹配命中 →「人物」（102 分） kb=06-03两晋
2026-10-08 03:04:12 | DEBUG | 判定 | 司马越 → 人物 score=102 why=强匹配命中 →「人物」（102 分） kb=06-03两晋
2026-10-08 03:04:12 | DEBUG | 判定 | 司马道子 → 人物 score=102 why=强匹配命中 →「人物」（102 分） kb=06-03两晋
2026-10-08 03:04:12 | DEBUG | 判定 | 司马遹 → 人物 score=102 why=强匹配命中 →「人物」（102 分） kb=06-03两晋
2026-10-08 03:04:12 | DEBUG | 判定 | 司马邺 → 人物 score=102 why=强匹配命中 →「人物」（102 分） kb=06-03两晋
2026-10-08 03:04:12 | DEBUG | 判定 | 司马颖 → 人物 score=102 why=强匹配命中 →「人物」（102 分） kb=06-03两晋
2026-10-08 03:04:12 | DEBUG | 判定 | 司马颙 → 人物 score=102 why=强匹配命中 →「人物」（102 分） kb=06-03两晋
2026-10-08 03:04:12 | DEBUG | 判定 | 姚兴 → 人物 score=25 why=姓氏「姚」兜底 →「人物」（25 分） kb=06-03两晋
2026-10-08 03:04:12 | DEBUG | 判定 | 姚弋仲 → 人物 score=25 why=姓氏「姚」兜底 →「人物」（25 分） kb=06-03两晋
2026-10-08 03:04:12 | DEBUG | 判定 | 姚泓 → 人物 score=25 why=姓氏「姚」兜底 →「人物」（25 分） kb=06-03两晋
2026-10-08 03:04:12 | DEBUG | 判定 | 姚苌 → 人物 score=25 why=姓氏「姚」兜底 →「人物」（25 分） kb=06-03两晋
2026-10-08 03:04:12 | DEBUG | 判定 | 姚襄 → 人物 score=25 why=姓氏「姚」兜底 →「人物」（25 分） kb=06-03两晋
2026-10-08 03:04:12 | DEBUG | 判定 | 庾亮 → 人物 score=25 why=姓氏「庾」兜底 →「人物」（25 分） kb=06-03两晋
2026-10-08 03:04:12 | DEBUG | 判定 | 庾冰 → 人物 score=25 why=姓氏「庾」兜底 →「人物」（25 分） kb=06-03两晋
2026-10-08 03:04:12 | DEBUG | 判定 | 庾翼 → 人物 score=25 why=姓氏「庾」兜底 →「人物」（25 分） kb=06-03两晋
2026-10-08 03:04:12 | DEBUG | 判定 | 张寔 → 人物 score=25 why=姓氏「张」兜底 →「人物」（25 分） kb=06-03两晋
2026-10-08 03:04:12 | DEBUG | 判定 | 张轨 → 人物 score=25 why=姓氏「张」兜底 →「人物」（25 分） kb=06-03两晋
2026-10-08 03:04:12 | DEBUG | 判定 | 张骏 → 人物 score=25 why=姓氏「张」兜底 →「人物」（25 分） kb=06-03两晋
2026-10-08 03:04:12 | DEBUG | 判定 | 慕容儁 → 人物 score=40 why=少数民族/外来姓名「慕容…」 →「人物」（40 分） kb=06-03两晋
2026-10-08 03:04:12 | DEBUG | 判定 | 慕容垂 → 人物 score=40 why=少数民族/外来姓名「慕容…」 →「人物」（40 分） kb=06-03两晋
2026-10-08 03:04:12 | DEBUG | 判定 | 慕容廆 → 人物 score=40 why=少数民族/外来姓名「慕容…」 →「人物」（40 分） kb=06-03两晋
2026-10-08 03:04:12 | DEBUG | 判定 | 慕容德 → 人物 score=40 why=少数民族/外来姓名「慕容…」 →「人物」（40 分） kb=06-03两晋
2026-10-08 03:04:12 | DEBUG | 判定 | 慕容恪 → 人物 score=40 why=少数民族/外来姓名「慕容…」 →「人物」（40 分） kb=06-03两晋
2026-10-08 03:04:12 | DEBUG | 判定 | 慕容泓 → 人物 score=40 why=少数民族/外来姓名「慕容…」 →「人物」（40 分） kb=06-03两晋
2026-10-08 03:04:12 | DEBUG | 判定 | 慕容皝 → 人物 score=40 why=少数民族/外来姓名「慕容…」 →「人物」（40 分） kb=06-03两晋
2026-10-08 03:04:12 | DEBUG | 判定 | 慕容超 → 人物 score=40 why=少数民族/外来姓名「慕容…」 →「人物」（40 分） kb=06-03两晋
2026-10-08 03:04:12 | DEBUG | 判定 | 拓跋什翼犍 → 人物 score=40 why=少数民族/外来姓名「拓跋…」 →「人物」（40 分） kb=06-03两晋
2026-10-08 03:04:12 | DEBUG | 判定 | 拓跋嗣 → 人物 score=40 why=少数民族/外来姓名「拓跋…」 →「人物」（40 分） kb=06-03两晋
2026-10-08 03:04:12 | DEBUG | 判定 | 拓跋猗卢 → 人物 score=40 why=少数民族/外来姓名「拓跋…」 →「人物」（40 分） kb=06-03两晋
2026-10-08 03:04:12 | DEBUG | 判定 | 拓跋珪 → 人物 score=40 why=少数民族/外来姓名「拓跋…」 →「人物」（40 分） kb=06-03两晋
2026-10-08 03:04:12 | DEBUG | 判定 | 李势 → 人物 score=25 why=姓氏「李」兜底 →「人物」（25 分） kb=06-03两晋
2026-10-08 03:04:12 | DEBUG | 判定 | 李暠 → 人物 score=25 why=姓氏「李」兜底 →「人物」（25 分） kb=06-03两晋
2026-10-08 03:04:12 | DEBUG | 判定 | 李特 → 人物 score=25 why=姓氏「李」兜底 →「人物」（25 分） kb=06-03两晋
2026-10-08 03:04:12 | DEBUG | 判定 | 李雄 → 人物 score=25 why=姓氏「李」兜底 →「人物」（25 分） kb=06-03两晋
2026-10-08 03:04:12 | DEBUG | 判定 | 杜弢 → 人物 score=25 why=姓氏「杜」兜底 →「人物」（25 分） kb=06-03两晋
2026-10-08 03:04:12 | DEBUG | 判定 | 杜预 → 人物 score=25 why=姓氏「杜」兜底 →「人物」（25 分） kb=06-03两晋
2026-10-08 03:04:12 | DEBUG | 判定 | 杨骏 → 人物 score=25 why=姓氏「杨」兜底 →「人物」（25 分） kb=06-03两晋
2026-10-08 03:04:12 | DEBUG | 判定 | 桓冲 → 人物 score=25 why=姓氏「桓」兜底 →「人物」（25 分） kb=06-03两晋
2026-10-08 03:04:12 | DEBUG | 判定 | 桓温 → 人物 score=25 why=姓氏「桓」兜底 →「人物」（25 分） kb=06-03两晋
2026-10-08 03:04:12 | DEBUG | 判定 | 桓玄 → 人物 score=25 why=姓氏「桓」兜底 →「人物」（25 分） kb=06-03两晋
2026-10-08 03:04:12 | DEBUG | 判定 | 殷浩 → 人物 score=25 why=姓氏「殷」兜底 →「人物」（25 分） kb=06-03两晋
2026-10-08 03:04:12 | DEBUG | 判定 | 沈约 → 人物 score=25 why=姓氏「沈」兜底 →「人物」（25 分） kb=06-03两晋
2026-10-08 03:04:12 | DEBUG | 判定 | 沮渠蒙逊 → 人物 score=40 why=少数民族/外来姓名「沮渠…」 →「人物」（40 分） kb=06-03两晋
2026-10-08 03:04:12 | DEBUG | 判定 | 法显 → 人物 score=40 why=僧道名「法显…」 →「人物」（40 分） kb=06-03两晋
2026-10-08 03:04:12 | DEBUG | 判定 | 温峤 → 人物 score=25 why=姓氏「温」兜底 →「人物」（25 分） kb=06-03两晋
2026-10-08 03:04:12 | DEBUG | 判定 | 王导 → 人物 score=25 why=姓氏「王」兜底 →「人物」（25 分） kb=06-03两晋
2026-10-08 03:04:12 | DEBUG | 判定 | 王弥 → 人物 score=25 why=姓氏「王」兜底 →「人物」（25 分） kb=06-03两晋
2026-10-08 03:04:12 | DEBUG | 判定 | 王敦 → 人物 score=25 why=姓氏「王」兜底 →「人物」（25 分） kb=06-03两晋
2026-10-08 03:04:12 | DEBUG | 判定 | 王浑 → 人物 score=25 why=姓氏「王」兜底 →「人物」（25 分） kb=06-03两晋
2026-10-08 03:04:12 | DEBUG | 判定 | 王浚 → 人物 score=25 why=姓氏「王」兜底 →「人物」（25 分） kb=06-03两晋
2026-10-08 03:04:12 | DEBUG | 判定 | 王濬 → 人物 score=25 why=姓氏「王」兜底 →「人物」（25 分） kb=06-03两晋
2026-10-08 03:04:12 | DEBUG | 判定 | 王猛 → 人物 score=25 why=姓氏「王」兜底 →「人物」（25 分） kb=06-03两晋
2026-10-08 03:04:12 | DEBUG | 判定 | 王献之 → 人物 score=25 why=姓氏「王」兜底 →「人物」（25 分） kb=06-03两晋
2026-10-08 03:04:12 | DEBUG | 判定 | 王羲之 → 人物 score=25 why=姓氏「王」兜底 →「人物」（25 分） kb=06-03两晋
2026-10-08 03:04:12 | DEBUG | 判定 | 王衍 → 人物 score=25 why=姓氏「王」兜底 →「人物」（25 分） kb=06-03两晋
2026-10-08 03:04:12 | DEBUG | 判定 | 皇甫谧 → 人物 score=25 why=姓氏「皇甫」兜底 →「人物」（25 分） kb=06-03两晋
2026-10-08 03:04:12 | DEBUG | 判定 | 石勒 → 人物 score=25 why=姓氏「石」兜底 →「人物」（25 分） kb=06-03两晋
2026-10-08 03:04:12 | DEBUG | 判定 | 石虎 → 人物 score=25 why=姓氏「石」兜底 →「人物」（25 分） kb=06-03两晋
2026-10-08 03:04:12 | DEBUG | 判定 | 祖约 → 人物 score=25 why=姓氏「祖」兜底 →「人物」（25 分） kb=06-03两晋
2026-10-08 03:04:12 | DEBUG | 判定 | 祖逖 → 人物 score=25 why=姓氏「祖」兜底 →「人物」（25 分） kb=06-03两晋
2026-10-08 03:04:12 | DEBUG | 判定 | 索綝 → 人物 score=25 why=姓氏「索」兜底 →「人物」（25 分） kb=06-03两晋
2026-10-08 03:04:12 | DEBUG | 判定 | 羊献容 → 人物 score=25 why=姓氏「羊」兜底 →「人物」（25 分） kb=06-03两晋
2026-10-08 03:04:12 | DEBUG | 判定 | 苏峻 → 人物 score=25 why=姓氏「苏」兜底 →「人物」（25 分） kb=06-03两晋
2026-10-08 03:04:12 | DEBUG | 判定 | 萧衍 → 人物 score=25 why=姓氏「萧」兜底 →「人物」（25 分） kb=06-03两晋
2026-10-08 03:04:12 | DEBUG | 判定 | 萧道成 → 人物 score=25 why=姓氏「萧」兜底 →「人物」（25 分） kb=06-03两晋
2026-10-08 03:04:12 | DEBUG | 判定 | 葛洪 → 人物 score=40 why=僧道名「葛洪…」 →「人物」（40 分） kb=06-03两晋
2026-10-08 03:04:12 | DEBUG | 判定 | 裴秀 → 人物 score=25 why=姓氏「裴」兜底 →「人物」（25 分） kb=06-03两晋
2026-10-08 03:04:12 | DEBUG | 判定 | 褚裒 → 人物 score=25 why=姓氏「褚」兜底 →「人物」（25 分） kb=06-03两晋
2026-10-08 03:04:12 | DEBUG | 判定 | 谢安 → 人物 score=25 why=姓氏「谢」兜底 →「人物」（25 分） kb=06-03两晋
2026-10-08 03:04:12 | DEBUG | 判定 | 谢玄 → 人物 score=25 why=姓氏「谢」兜底 →「人物」（25 分） kb=06-03两晋
2026-10-08 03:04:12 | DEBUG | 判定 | 谢道韫 → 人物 score=25 why=姓氏「谢」兜底 →「人物」（25 分） kb=06-03两晋
2026-10-08 03:04:12 | DEBUG | 判定 | 贾充 → 人物 score=25 why=姓氏「贾」兜底 →「人物」（25 分） kb=06-03两晋
2026-10-08 03:04:12 | DEBUG | 判定 | 贾南风 → 人物 score=25 why=姓氏「贾」兜底 →「人物」（25 分） kb=06-03两晋
2026-10-08 03:04:12 | DEBUG | 判定 | 贾疋 → 人物 score=25 why=姓氏「贾」兜底 →「人物」（25 分） kb=06-03两晋
2026-10-08 03:04:12 | DEBUG | 判定 | 赫连勃勃 → 人物 score=40 why=少数民族/外来姓名「赫连…」 →「人物」（40 分） kb=06-03两晋
2026-10-08 03:04:12 | DEBUG | 判定 | 道安 → 人物 score=40 why=僧道名「道安…」 →「人物」（40 分） kb=06-03两晋
2026-10-08 03:04:12 | DEBUG | 判定 | 邓艾 → 人物 score=25 why=姓氏「邓」兜底 →「人物」（25 分） kb=06-03两晋
2026-10-08 03:04:12 | DEBUG | 判定 | 郭璞 → 人物 score=25 why=姓氏「郭」兜底 →「人物」（25 分） kb=06-03两晋
2026-10-08 03:04:12 | DEBUG | 判定 | 陈寿 → 人物 score=25 why=姓氏「陈」兜底 →「人物」（25 分） kb=06-03两晋
2026-10-08 03:04:12 | DEBUG | 判定 | 陈霸先 → 人物 score=25 why=姓氏「陈」兜底 →「人物」（25 分） kb=06-03两晋
2026-10-08 03:04:12 | DEBUG | 判定 | 陶侃 → 人物 score=25 why=姓氏「陶」兜底 →「人物」（25 分） kb=06-03两晋
2026-10-08 03:04:12 | DEBUG | 判定 | 陶渊明 → 人物 score=25 why=姓氏「陶」兜底 →「人物」（25 分） kb=06-03两晋
2026-10-08 03:04:12 | DEBUG | 判定 | 顾恺之 → 人物 score=25 why=姓氏「顾」兜底 →「人物」（25 分） kb=06-03两晋
2026-10-08 03:04:12 | DEBUG | 判定 | 佛教的南传与本土化 → 事件 score=109 why=强匹配命中 →「事件」（109 分） kb=06-03两晋
2026-10-08 03:04:12 | DEBUG | 判定 | 八王之乱 → 事件 score=12 why=概念命中 →「事件」（12 分） kb=06-03两晋
2026-10-08 03:04:12 | DEBUG | 判定 | 天师道与江南社会 → 事件 score=108 why=强匹配命中 →「事件」（108 分） kb=06-03两晋
2026-10-08 03:04:12 | DEBUG | 判定 | 孙恩之乱 → 事件 score=12 why=概念命中 →「事件」（12 分） kb=06-03两晋
2026-10-08 03:04:12 | DEBUG | 判定 | 桓玄篡位 1 → 事件 score=12 why=概念命中 →「事件」（12 分） kb=06-03两晋
2026-10-08 03:04:12 | DEBUG | 判定 | 桓玄篡位 → 事件 score=12 why=概念命中 →「事件」（12 分） kb=06-03两晋
2026-10-08 03:04:12 | DEBUG | 判定 | 永嘉之乱 → 事件 score=12 why=概念命中 →「事件」（12 分） kb=06-03两晋
2026-10-08 03:04:12 | DEBUG | 判定 | 王敦之乱 → 事件 score=12 why=概念命中 →「事件」（12 分） kb=06-03两晋
2026-10-08 03:04:12 | DEBUG | 判定 | 苏峻之乱 → 事件 score=12 why=概念命中 →「事件」（12 分） kb=06-03两晋
2026-10-08 03:04:12 | DEBUG | 判定 | 衣冠南渡 → 事件 score=14 why=概念命中 →「事件」（14 分） kb=06-03两晋
2026-10-08 03:04:12 | DEBUG | 判定 | 魏晋禅代 → 事件 score=12 why=概念命中 →「事件」（12 分） kb=06-03两晋
2026-10-08 03:04:12 | DEBUG | 判定 | 刘裕北伐 → 战争 score=12 why=概念命中 →「战争」（12 分） kb=06-03两晋
2026-10-08 03:04:12 | DEBUG | 判定 | 桓温北伐 → 战争 score=12 why=概念命中 →「战争」（12 分） kb=06-03两晋
2026-10-08 03:04:12 | DEBUG | 判定 | 殷浩北伐 → 战争 score=12 why=概念命中 →「战争」（12 分） kb=06-03两晋
2026-10-08 03:04:12 | DEBUG | 判定 | 淝水之战 → 战争 score=12 why=概念命中 →「战争」（12 分） kb=06-03两晋
2026-10-08 03:04:12 | DEBUG | 判定 | 祖逖北伐 → 战争 score=12 why=概念命中 →「战争」（12 分） kb=06-03两晋
2026-10-08 03:04:12 | DEBUG | 判定 | 代国 → 政权 score=90 why=国号「代国」 →「政权」（90 分） kb=06-03两晋
2026-10-08 03:04:12 | DEBUG | 判定 | 冉魏 → 政权 score=90 why=国号「魏」 →「政权」（90 分） kb=06-03两晋
2026-10-08 03:04:12 | DEBUG | 判定 | 刘宋 → 政权 score=90 why=国号「宋」 →「政权」（90 分） kb=06-03两晋
2026-10-08 03:04:12 | DEBUG | 判定 | 后凉 → 政权 score=90 why=国号「凉」 →「政权」（90 分） kb=06-03两晋
2026-10-08 03:04:12 | DEBUG | 判定 | 后燕 → 政权 score=90 why=国号「燕」 →「政权」（90 分） kb=06-03两晋
2026-10-08 03:04:12 | DEBUG | 判定 | 后秦 → 政权 score=90 why=国号「秦」 →「政权」（90 分） kb=06-03两晋
2026-10-08 03:04:12 | DEBUG | 判定 | 后赵 → 政权 score=90 why=国号「赵」 →「政权」（90 分） kb=06-03两晋
2026-10-08 03:04:12 | DEBUG | 判定 | 孙吴 → 政权 score=90 why=国号「吴」 →「政权」（90 分） kb=06-03两晋
2026-10-08 03:04:12 | DEBUG | 判定 | 胡夏 → 政权 score=90 why=国号「夏」 →「政权」（90 分） kb=06-03两晋
2026-10-08 03:04:12 | DEBUG | 判定 | 高句丽 → 政权 score=90 why=国号「高句丽」 →「政权」（90 分） kb=06-03两晋
2026-10-08 03:04:12 | DEBUG | 判定 | 九品中正制 → 制度 score=12 why=概念命中 →「制度」（12 分） kb=06-03两晋
2026-10-08 03:04:12 | DEBUG | 判定 | 九品中正制的固化 → 制度 score=12 why=概念命中 →「制度」（12 分） kb=06-03两晋
2026-10-08 03:04:12 | DEBUG | 判定 | 占田荫客制的推行 → 制度 score=12 why=概念命中 →「制度」（12 分） kb=06-03两晋
2026-10-08 03:04:12 | DEBUG | 判定 | 元康之治 → 年号 score=12 why=概念命中 →「年号」（12 分） kb=06-03两晋
2026-10-08 03:04:12 | DEBUG | 判定 | 太康之治 → 年号 score=12 why=概念命中 →「年号」（12 分） kb=06-03两晋
2026-10-08 03:04:12 | DEBUG | 判定 | 寿春 → 历史地理 score=30 why=地名「寿春」 →「历史地理」（30 分） kb=06-03两晋
2026-10-08 03:04:12 | DEBUG | 判定 | 建康 → 历史地理 score=30 why=地名「建康」 →「历史地理」（30 分） kb=06-03两晋
2026-10-08 03:04:12 | DEBUG | 判定 | 洛阳 → 历史地理 score=30 why=地名「洛阳」 →「历史地理」（30 分） kb=06-03两晋
2026-10-08 03:04:12 | DEBUG | 判定 | 石头城 → 人物 score=30 why=姓氏「石」+ 仅单字概念命中 → 人名优先「人物」（30 分） kb=06-03两晋
2026-10-08 03:04:12 | DEBUG | 判定 | 荆州 → 历史地理 score=11 why=概念命中 →「历史地理」（11 分） kb=06-03两晋
2026-10-08 03:04:12 | DEBUG | 判定 | 邺城 → 历史地理 score=11 why=概念命中 →「历史地理」（11 分） kb=06-03两晋
2026-10-08 03:04:12 | DEBUG | 判定 | 长安 → 历史地理 score=30 why=地名「长安」 →「历史地理」（30 分） kb=06-03两晋
2026-10-08 03:04:12 | DEBUG | 判定 | 五胡内迁 → 民族与族群 score=12 why=概念命中 →「民族与族群」（12 分） kb=06-03两晋
2026-10-08 03:04:12 | DEBUG | 判定 | 慕容鲜卑 → 民族与族群 score=12 why=概念命中 →「民族与族群」（12 分） kb=06-03两晋
2026-10-08 03:04:12 | DEBUG | 判定 | 拓跋鲜卑 → 民族与族群 score=12 why=概念命中 →「民族与族群」（12 分） kb=06-03两晋
2026-10-08 03:04:12 | INFO  | 体检 | 类型判定体检 kb=06-03两晋 scanned=160 correct=159 wrong=1 blank=0 accuracy=0.99375
