===== 运行日志 开始 2026-10-08 03:06:58 | 程序目录=G:\工具库\民国历史知识库_AI_V2.0_稳定版\民国历史知识库 | frozen=False | 版本=V1.0 =====
2026-10-08 03:06:58 | INFO  | 写入 | 历史人物／蔡锷 kb=模拟知识库 action=新建 result=ok path=G:\工具库\民国历史知识库_AI_V2.0_稳定版\民国历史知识库\_sandbox\模拟知识库\02 人物图谱\蔡锷.md chars=0 reason=新建笔记：蔡锷.md（模板：模板文件：人物图谱.md）；模板 frontmatter 表达式跳过："aliases:\n  - " + [人物姓名, 字号].filter(Boo（不支持数组字面量）
2026-10-08 03:06:58 | INFO  | 写入 | 事件／七七事变 kb=模拟知识库 action=新建 result=ok path=G:\工具库\民国历史知识库_AI_V2.0_稳定版\民国历史知识库\_sandbox\模拟知识库\12 事件数据库 ⭐\七七事变.md chars=12 reason=新建笔记：七七事变.md（模板：模板文件：事件数据库.md）；frontmatter 键规范化：时间 → date
2026-10-08 03:06:58 | INFO  | 写入 | 人物／宋哲元 kb=模拟知识库 action=新建 result=ok path=G:\工具库\民国历史知识库_AI_V2.0_稳定版\民国历史知识库\_sandbox\模拟知识库\02 人物图谱\宋哲元.md chars=0 reason=新建笔记：宋哲元.md（模板：模板文件：人物图谱.md）；模板 frontmatter 表达式跳过："aliases:\n  - " + [人物姓名, 字号].filter(Boo（不支持数组字面量）
2026-10-08 03:06:58 | INFO  | 写入 | 人物／蒋介石 kb=模拟知识库 action=增量更新 result=ok path=G:\工具库\民国历史知识库_AI_V2.0_稳定版\民国历史知识库\_sandbox\模拟知识库\02 人物图谱\蒋介石.md chars=0 reason=frontmatter 键规范化：姓名 → title；frontmatter 键规范化：历史时期 → period
2026-10-08 03:06:58 | INFO  | 索引 | 重建索引 kb=模拟知识库 dirs=3 master=G:\工具库\民国历史知识库_AI_V2.0_稳定版\民国历史知识库\_sandbox\模拟知识库\01 时间线\索引.md result=ok report=总索引：G:\工具库\民国历史知识库_AI_V2.0_稳定版\民国历史知识库\_sandbox\模拟知识库\01 时间线\索引.md；目录索引：01 时间线/索引.md
2026-10-08 03:06:58 | INFO  | 写入 | 人物／曾纪泽 kb=模拟知识库 action=新建预览 result=ok why=首行标明了「人物」 reason=模板 frontmatter 表达式跳过："aliases:\n  - " + [人物姓名, 字号].filter(Boo（不支持数组字面量）；正文填充：## 🪪 基本信息
2026-10-08 03:06:58 | INFO  | 写入 | 人物／曾纪泽 kb=模拟知识库 action=新建 result=ok path=G:\工具库\民国历史知识库_AI_V2.0_稳定版\民国历史知识库\_sandbox\模拟知识库\02 人物图谱\曾纪泽.md chars=0 reason=新建笔记：曾纪泽.md（模板：模板文件：人物图谱.md）；模板 frontmatter 表达式跳过："aliases:\n  - " + [人物姓名, 字号].filter(Boo（不支持数组字面量）
2026-10-08 03:06:58 | INFO  | 写入 | 人物／曾纪泽 kb=模拟知识库 action=新建 result=ok path=G:\工具库\民国历史知识库_AI_V2.0_稳定版\民国历史知识库\_sandbox\模拟知识库\02 人物图谱\曾纪泽.md why=首行标明了「人物」 reason=新建笔记：曾纪泽.md（模板：模板文件：人物图谱.md）；模板 frontmatter 表达式跳过："aliases:\n  - " + [人物姓名, 字号].filter(Boo（不支持数组字面量）
2026-10-08 03:06:58 | INFO  | 写入 | 事件／测试事件 kb=模拟知识库 action=新建 result=ok path=G:\工具库\民国历史知识库_AI_V2.0_稳定版\民国历史知识库\_sandbox\模拟知识库\12 事件数据库 ⭐\测试事件.md chars=0 reason=新建笔记：测试事件.md（模板：模板文件：事件数据库.md）；正文填充：## 📌 事件概览
2026-10-08 03:06:58 | INFO  | 写入 | 事件／测试事件 kb=模拟知识库 action=新建 result=ok path=G:\工具库\民国历史知识库_AI_V2.0_稳定版\民国历史知识库\_sandbox\模拟知识库\12 事件数据库 ⭐\测试事件.md why=首行标明了「事件」 reason=新建笔记：测试事件.md（模板：模板文件：事件数据库.md）；正文填充：## 📌 事件概览
2026-10-08 03:06:58 | DEBUG | 判定 | 随便一段看不出类型的内容，没有任何小节标题。 → （判不出） score=0 why=没能从名字推出类型（当前知识库类型：事件、人物、时间线） kb=模拟知识库
2026-10-08 03:06:58 | INFO  | 写入 | 人物／导入测试人物 kb=模拟知识库 action=新建 result=ok path=G:\工具库\民国历史知识库_AI_V2.0_稳定版\民国历史知识库\_sandbox\模拟知识库\02 人物图谱\导入测试人物.md chars=0 reason=新建笔记：导入测试人物.md（模板：模板文件：人物图谱.md）；模板 frontmatter 表达式跳过："aliases:\n  - " + [人物姓名, 字号].filter(Boo（不支持数组字面量）
2026-10-08 03:06:58 | INFO  | 写入 | 人物／导入测试人物 kb=模拟知识库 action=新建 result=ok path=G:\工具库\民国历史知识库_AI_V2.0_稳定版\民国历史知识库\_sandbox\模拟知识库\02 人物图谱\导入测试人物.md why=首行标明了「人物」 reason=图片已入库：导入测试.png；新建笔记：导入测试人物.md（模板：模板文件：人物图谱.md）
2026-10-08 03:06:58 | INFO  | 写入 | 人物／预览不下载测试 kb=模拟知识库 action=新建预览 result=ok why=首行标明了「人物」 reason=预览不下载正文图片（点「写入知识库」时才存进 Assets（图片地图））；模板 frontmatter 表达式跳过："aliases:\n  - " + [人物姓名, 字号].filter(Boo（不支持数组字面量）
2026-10-08 03:06:58 | INFO  | 写入 | 人物／写笔记不该碰模板 kb=模拟知识库 action=新建 result=ok path=G:\工具库\民国历史知识库_AI_V2.0_稳定版\民国历史知识库\_sandbox\模拟知识库\02 人物图谱\写笔记不该碰模板.md chars=0 reason=新建笔记：写笔记不该碰模板.md（模板：模板文件：人物图谱.md）
2026-10-08 03:06:58 | INFO  | 写入 | 人物／也不该碰模板 kb=模拟知识库 action=新建 result=ok path=G:\工具库\民国历史知识库_AI_V2.0_稳定版\民国历史知识库\_sandbox\模拟知识库\02 人物图谱\也不该碰模板.md chars=0 reason=新建笔记：也不该碰模板.md（模板：模板文件：人物图谱.md）；正文填空（字段级）：## 🪪 基本信息
2026-10-08 03:06:58 | INFO  | 写入 | 人物／也不该碰模板 kb=模拟知识库 action=新建 result=ok path=G:\工具库\民国历史知识库_AI_V2.0_稳定版\民国历史知识库\_sandbox\模拟知识库\02 人物图谱\也不该碰模板.md why=首行标明了「人物」 reason=新建笔记：也不该碰模板.md（模板：模板文件：人物图谱.md）；正文填空（字段级）：## 🪪 基本信息
2026-10-08 03:06:58 | INFO  | 写入 | 人物／查重测试人物 kb=模拟知识库 action=新建 result=ok path=G:\工具库\民国历史知识库_AI_V2.0_稳定版\民国历史知识库\_sandbox\模拟知识库\02 人物图谱\查重测试人物.md chars=0 reason=新建笔记：查重测试人物.md（模板：模板文件：人物图谱.md）；模板 frontmatter 表达式跳过："aliases:\n  - " + [人物姓名, 字号].filter(Boo（不支持数组字面量）
2026-10-08 03:06:58 | INFO  | 写入 | 人物／查重测试人物 kb=模拟知识库 action=新建 result=ok path=G:\工具库\民国历史知识库_AI_V2.0_稳定版\民国历史知识库\_sandbox\模拟知识库\02 人物图谱\查重测试人物.md why=首行标明了「人物」 reason=新建笔记：查重测试人物.md（模板：模板文件：人物图谱.md）；模板 frontmatter 表达式跳过："aliases:\n  - " + [人物姓名, 字号].filter(Boo（不支持数组字面量）
2026-10-08 03:06:58 | INFO  | 写入 | 人物／查重测试人物 kb=模拟知识库 action=增量预览 result=ok path=G:\工具库\民国历史知识库_AI_V2.0_稳定版\民国历史知识库\_sandbox\模拟知识库\02 人物图谱\查重测试人物.md why=首行标明了「人物」 reason=正文填空（字段级）：## 🪪 基本信息；正文填充：## 📜 生平简史
2026-10-08 03:06:58 | WARN  | 写入 | 人物／查重新模式跳过 kb=模拟知识库 action=跳过 result=fail why=首行标明了「人物」 reason=按「只补充已有」模式，但知识库里没有「查重新模式跳过」这篇词条 → 不会新建
2026-10-08 03:06:58 | INFO  | 写入 | 补双链 双链测试.md kb=模拟知识库 action=已补双链 added=2 path=G:\工具库\民国历史知识库_AI_V2.0_稳定版\民国历史知识库\_sandbox\模拟知识库\01 时间线\双链测试.md
2026-10-08 03:06:58 | DEBUG | 判定 | 省港大罢工 → 事件 score=100 why=通用规则：「事件」（本库存在该类型） kb=模拟知识库
2026-10-08 03:06:58 | INFO  | 建条 | 省港大罢工 kb=模拟知识库 type=事件 dir=12 事件数据库 ⭐ action=预览 result=ok dry_run=True reason=将新建：12 事件数据库 ⭐/省港大罢工.md（类型：事件，模板：模板文件：事件数据库.md）
2026-10-08 03:06:58 | INFO  | 建条 | 宁汉合流 kb=模拟知识库 type=事件 dir=12 事件数据库 ⭐ action=预览 result=ok dry_run=True reason=将新建：12 事件数据库 ⭐/宁汉合流.md（类型：事件，模板：模板文件：事件数据库.md）
2026-10-08 03:06:58 | INFO  | 建条 | 骨架测试人物 kb=模拟知识库 type=人物 dir=02 人物图谱 action=预览 result=ok dry_run=True reason=将新建：02 人物图谱/骨架测试人物.md（类型：人物，模板：模板文件：人物图谱.md）
2026-10-08 03:06:58 | INFO  | 建条 | 批量建条 共 3 条 kb=模拟知识库 created=3 skipped=0 failed=0 dry_run=True
2026-10-08 03:06:58 | DEBUG | 判定 | 省港大罢工 → 事件 score=100 why=通用规则：「事件」（本库存在该类型） kb=模拟知识库
2026-10-08 03:06:58 | INFO  | 写入 | 事件／省港大罢工 kb=模拟知识库 action=新建 result=ok path=G:\工具库\民国历史知识库_AI_V2.0_稳定版\民国历史知识库\_sandbox\模拟知识库\12 事件数据库 ⭐\省港大罢工.md chars=0 reason=新建笔记：省港大罢工.md（模板：模板文件：事件数据库.md）
2026-10-08 03:06:58 | INFO  | 建条 | 省港大罢工 kb=模拟知识库 type=事件 dir=12 事件数据库 ⭐ action=新建 result=ok dry_run=False reason=新建笔记：省港大罢工.md（模板：模板文件：事件数据库.md）
2026-10-08 03:06:58 | INFO  | 写入 | 事件／宁汉合流 kb=模拟知识库 action=新建 result=ok path=G:\工具库\民国历史知识库_AI_V2.0_稳定版\民国历史知识库\_sandbox\模拟知识库\12 事件数据库 ⭐\宁汉合流.md chars=0 reason=新建笔记：宁汉合流.md（模板：模板文件：事件数据库.md）
2026-10-08 03:06:58 | INFO  | 建条 | 宁汉合流 kb=模拟知识库 type=事件 dir=12 事件数据库 ⭐ action=新建 result=ok dry_run=False reason=新建笔记：宁汉合流.md（模板：模板文件：事件数据库.md）
2026-10-08 03:06:58 | INFO  | 写入 | 人物／骨架测试人物 kb=模拟知识库 action=新建 result=ok path=G:\工具库\民国历史知识库_AI_V2.0_稳定版\民国历史知识库\_sandbox\模拟知识库\02 人物图谱\骨架测试人物.md chars=0 reason=新建笔记：骨架测试人物.md（模板：模板文件：人物图谱.md）；模板 frontmatter 表达式跳过："aliases:\n  - " + [人物姓名, 字号].filter(Boo（不支持数组字面量）
2026-10-08 03:06:58 | INFO  | 建条 | 骨架测试人物 kb=模拟知识库 type=人物 dir=02 人物图谱 action=新建 result=ok dry_run=False reason=新建笔记：骨架测试人物.md（模板：模板文件：人物图谱.md）；模板 frontmatter 表达式跳过："aliases:\n  - " + [人物姓名, 字号].filter(Boo（不支持数组字面量）
2026-10-08 03:06:58 | INFO  | 建条 | 批量建条 共 3 条 kb=模拟知识库 created=3 skipped=0 failed=0 dry_run=False
2026-10-08 03:06:58 | DEBUG | 判定 | 省港大罢工 → 事件 score=100 why=通用规则：「事件」（本库存在该类型） kb=模拟知识库
2026-10-08 03:06:58 | INFO  | 建条 | 省港大罢工 kb=模拟知识库 type=事件 dir=12 事件数据库 ⭐ action=已存在，跳过 result=ok dry_run=False reason=已有同名笔记：12 事件数据库 ⭐/省港大罢工.md（未改动）
2026-10-08 03:06:58 | INFO  | 建条 | 批量建条 共 1 条 kb=模拟知识库 created=0 skipped=1 failed=0 dry_run=False
2026-10-08 03:06:58 | INFO  | 写入 | 军队／中国工农红军 kb=模拟知识库 action=新建预览 result=ok why=user_selected（界面上指定了类型） reason=内容没有小节标题，整段写入「📌 概览」；正文填充：## 📌 概览
2026-10-08 03:06:58 | INFO  | 写入 | 人物／袁世凯 kb=模拟知识库 action=新建预览 result=ok why=user_selected（界面上指定了类型） reason=模板 frontmatter 表达式跳过："aliases:\n  - " + [人物姓名, 字号].filter(Boo（不支持数组字面量）；正文填充：## 🪪 基本信息
2026-10-08 03:06:58 | DEBUG | 判定 | 省港大罢工 → 事件 score=100 why=通用规则：「事件」（本库存在该类型） kb=模拟知识库
2026-10-08 03:06:58 | DEBUG | 判定 | 武汉会战 → （判不出） score=0 why=没能从名字推出类型（当前知识库类型：事件、人物、时间线） kb=模拟知识库
2026-10-08 03:06:58 | INFO  | 写入 | 人物／袁世凯 kb=模拟知识库 action=新建 result=ok path=G:\工具库\民国历史知识库_AI_V2.0_稳定版\民国历史知识库\_sandbox\模拟知识库\02 人物图谱\袁世凯.md chars=0 reason=新建笔记：袁世凯.md（模板：模板文件：人物图谱.md）；模板 frontmatter 表达式跳过："aliases:\n  - " + [人物姓名, 字号].filter(Boo（不支持数组字面量）
2026-10-08 03:06:58 | INFO  | 写入 | 人物／袁世凯 kb=模拟知识库 action=新建 result=ok path=G:\工具库\民国历史知识库_AI_V2.0_稳定版\民国历史知识库\_sandbox\模拟知识库\02 人物图谱\袁世凯.md why=user_selected（界面上指定了类型） reason=新建笔记：袁世凯.md（模板：模板文件：人物图谱.md）；模板 frontmatter 表达式跳过："aliases:\n  - " + [人物姓名, 字号].filter(Boo（不支持数组字面量）
2026-10-08 03:06:58 | DEBUG | 判定 | 省港大罢工 → 事件 score=100 why=通用规则：「事件」（本库存在该类型） kb=模拟知识库
2026-10-08 03:06:58 | DEBUG | 判定 | 武汉会战 → （判不出） score=0 why=没能从名字推出类型（当前知识库类型：事件、人物、时间线） kb=模拟知识库
2026-10-08 03:06:58 | DEBUG | 判定 | 省港大罢工 → 事件 score=100 why=通用规则：「事件」（本库存在该类型） kb=模拟知识库
2026-10-08 03:06:58 | WARN  | 写入 | 事件／省港大罢工 kb=模拟知识库 result=fail chars=0 reason=路由失败：目录不存在「12 事件数据库 ⭐/新建子目录」；请到②页点「📁 按映射创建/检查目录」，或在②页改正映射
2026-10-08 03:06:58 | WARN  | 写入 | 事件／省港大罢工 kb=模拟知识库 result=fail why=user_selected（界面上指定了类型） reason=内容没有小节标题，整段写入「📌 事件概览」；路由失败：目录不存在「12 事件数据库 ⭐/新建子目录」；请到②页点「📁 按映射创建/检查目录」，或在②页改正映射
2026-10-08 03:06:58 | DEBUG | 判定 | 省港大罢工 → 事件 score=100 why=通用规则：「事件」（本库存在该类型） kb=模拟知识库
2026-10-08 03:06:58 | DEBUG | 判定 | 武汉会战 → （判不出） score=0 why=没能从名字推出类型（当前知识库类型：事件、人物、时间线） kb=模拟知识库
2026-10-08 03:06:58 | INFO  | 切库 | 19民国 → 06-02两汉 profile_found=False save=True routes=0 report=已存档旧库档案：19民国；该知识库还没有配置：请到②页点「🔎 扫描当前库目录生成类型」或手工添加「类型 → 目录」，再到④页选择模板库
2026-10-08 03:06:58 | INFO  | 切库 | 06-02两汉 → 19民国 profile_found=True save=True routes=3 report=已存档旧库档案：06-02两汉；已载入该库档案（3 个类型，更新于 2026-10-08 03:06:58）
2026-10-08 03:06:58 | INFO  | 切库 | 19民国 → 06-02两汉 profile_found=True save=True routes=13 report=已存档旧库档案：19民国；已载入该库档案（13 个类型，更新于 2026-10-08 03:06:58）
2026-10-08 03:06:58 | INFO  | 切库 | 06-02两汉 → 06-02两汉 profile_found=True save=True routes=2 report=已为该库建立档案（沿用当前 2 个类型的映射）；模板库：未选择（到④页「模板库」下拉或「📂 浏览…」显式选一个；也可用知识库自带的 Templates（模板）目录）
2026-10-08 03:06:58 | INFO  | 切库 | 06-02两汉 → 06-02两汉 profile_found=True save=True routes=2 report=已载入该库档案（2 个类型，更新于 2026-10-08 03:06:58）；模板库：未选择（到④页「模板库」下拉或「📂 浏览…」显式选一个；也可用知识库自带的 Templates（模板）目录）
2026-10-08 03:06:58 | INFO  | 切库 | 06-02两汉 → 19民国 profile_found=False save=True routes=0 report=已存档旧库档案：06-02两汉；该知识库还没有配置：请到②页点「🔎 扫描当前库目录生成类型」或手工添加「类型 → 目录」，再到④页选择模板库
2026-10-08 03:06:58 | WARN  | 写入 | 事件／自动建目录测试 kb=模拟知识库 result=fail chars=0 reason=路由失败：目录不存在「99 不存在目录」；请到②页点「📁 按映射创建/检查目录」，或在②页改正映射
2026-10-08 03:06:58 | WARN  | 建条 | 自动建目录测试2 kb=模拟知识库 type=事件 dir=99 不存在目录 result=fail dry_run=False reason=目录不存在「99 不存在目录」；请到②页点「📁 按映射创建/检查目录」，或在②页改正映射
2026-10-08 03:06:58 | INFO  | 切库 | 模拟知识库 → 新库无档案 profile_found=False save=False routes=0 report=已存档旧库档案：模拟知识库；该知识库还没有配置：请到②页点「🔎 扫描当前库目录生成类型」或手工添加「类型 → 目录」，再到④页选择模板库
2026-10-08 03:06:58 | INFO  | 模板 | 粘贴模板 人物 result=ok path=G:\工具库\民国历史知识库_AI_V2.0_稳定版\民国历史知识库\_sandbox\模拟知识库\_模板\人物.md chars=36 reason=已保存到 G:\工具库\民国历史知识库_AI_V2.0_稳定版\民国历史知识库\_sandbox\模拟知识库\_模板\人物.md
2026-10-08 03:06:58 | INFO  | 写入 | 补双链 换行CRLF测试.md kb=模拟知识库 action=无改动 added=0 path=G:\工具库\民国历史知识库_AI_V2.0_稳定版\民国历史知识库\_sandbox\模拟知识库\02 人物图谱\换行CRLF测试.md
2026-10-08 03:06:58 | INFO  | 写入 | 补双链 换行LF测试.md kb=模拟知识库 action=无改动 added=0 path=G:\工具库\民国历史知识库_AI_V2.0_稳定版\民国历史知识库\_sandbox\模拟知识库\02 人物图谱\换行LF测试.md
2026-10-08 03:06:58 | INFO  | 写入 | 人物／换行新建测试 kb=模拟知识库 action=新建 result=ok path=G:\工具库\民国历史知识库_AI_V2.0_稳定版\民国历史知识库\_sandbox\模拟知识库\02 人物图谱\换行新建测试.md chars=0 reason=新建笔记：换行新建测试.md（模板：模板文件：人物图谱.md）；模板 frontmatter 表达式跳过："aliases:\n  - " + [人物姓名, 字号].filter(Boo（不支持数组字面量）
2026-10-08 03:06:58 | WARN  | 体检 | 语法体检（七项） files=8 counts={}
2026-10-08 03:06:58 | INFO  | 体检 | 语法体检（七项） files=1 counts={}
2026-10-08 03:06:58 | WARN  | 体检 | 语法体检（七项） files=8 counts={}
2026-10-08 03:06:58 | INFO  | 体检 | 语法体检（七项） files=1 counts={}
2026-10-08 03:06:58 | WARN  | 体检 | 语法体检（七项） files=1 counts={}
2026-10-08 03:06:58 | INFO  | 体检 | 语法体检（七项） files=1 counts={}
2026-10-08 03:06:58 | INFO  | 体检 | 语法体检（七项） files=1 counts={}
2026-10-08 03:06:58 | WARN  | 体检 | 语法体检（七项） files=11 counts={}
2026-10-08 03:06:58 | WARN  | 体检 | 语法体检（七项） kb=模拟知识库 files=39 counts={}
2026-10-08 03:06:58 | WARN  | 体检 | 语法体检（七项） kb=模拟知识库 files=38 counts={}
2026-10-08 03:06:58 | WARN  | 体检 | 规范清单体检 kb=模拟知识库 total=5 mapped=3 manual=2 failed=3 drift=1
2026-10-08 03:06:58 | WARN  | 体检 | 规范清单体检 kb=模拟知识库 total=5 mapped=2 manual=3 failed=2 drift=2
2026-10-08 03:06:58 | WARN  | 体检 | 规范清单体检 kb=不存在的库 total=0 mapped=0 manual=0 failed=0 drift=1
2026-10-08 03:06:58 | DEBUG | 判定 | 西陵之战 → 战争 score=12 why=概念命中 →「战争」（12 分） kb=模拟知识库
2026-10-08 03:06:58 | DEBUG | 判定 | 西陵之战 → 战争 score=12 why=概念命中 →「战争」（12 分） kb=模拟知识库
2026-10-08 03:06:58 | DEBUG | 判定 | 西陵之战 → 战役 score=100 why=通用规则：「战役」（本库存在该类型） kb=模拟知识库
2026-10-08 03:06:58 | DEBUG | 判定 | 西陵之战 → 战役 score=100 why=通用规则：「战役」（本库存在该类型） kb=模拟知识库
2026-10-08 03:06:58 | DEBUG | 判定 | 八王之乱 → 事件 score=12 why=概念命中 →「事件」（12 分） kb=模拟知识库
2026-10-08 03:06:58 | DEBUG | 判定 | 八王之乱 → 事件 score=12 why=概念命中 →「事件」（12 分） kb=模拟知识库
2026-10-08 03:06:58 | DEBUG | 判定 | 甲乙丙丁 → （判不出） score=0 why=没能从名字推出类型（当前知识库类型：事件、人物、制度、战争、政权、法律） kb=模拟知识库
2026-10-08 03:06:58 | DEBUG | 判定 | 子丑寅卯 → （判不出） score=0 why=没能从名字推出类型（当前知识库类型：事件、人物、制度、战争、政权、法律） kb=模拟知识库
2026-10-08 03:06:58 | DEBUG | 判定 | 甲乙丙丁 → （判不出） score=0 why=没能从名字推出类型（当前知识库类型：事件、人物、制度、战争、政权、法律） kb=模拟知识库
2026-10-08 03:06:58 | INFO  | 建条 | 交趾争夺战 kb=模拟知识库 type=战争 dir=03战争 action=预览 result=ok dry_run=True reason=将新建：03战争/交趾争夺战.md（类型：战争，模板：通用模板：通用.md）
2026-10-08 03:06:58 | INFO  | 建条 | 秦凉之变 kb=模拟知识库 type=战争 dir=03战争 action=预览 result=ok dry_run=True reason=将新建：03战争/秦凉之变.md（类型：战争，模板：通用模板：通用.md）
2026-10-08 03:06:58 | INFO  | 建条 | 西陵之战 kb=模拟知识库 type=战争 dir=03战争 action=预览 result=ok dry_run=True reason=将新建：03战争/西陵之战.md（类型：战争，模板：通用模板：通用.md）
2026-10-08 03:06:58 | INFO  | 建条 | 八王之乱 kb=模拟知识库 type=战争 dir=03战争 action=预览 result=ok dry_run=True reason=将新建：03战争/八王之乱.md（类型：战争，模板：通用模板：通用.md）
2026-10-08 03:06:58 | INFO  | 建条 | 批量建条 共 4 条 kb=模拟知识库 created=4 skipped=0 failed=0 dry_run=True
2026-10-08 03:06:58 | WARN  | 建条 | 凉州之战 kb=_无模板库 type=战争 dir=03战争 action=预览（缺模板） result=fail dry_run=True reason=未找到「战争」的模板：请到④页「📂 选择模板文件夹」选一个模板目录，或用「📋 粘贴模板」把模板粘进来
2026-10-08 03:06:58 | DEBUG | 判定 | 甲乙丙丁 → （判不出） score=0 why=没能从名字推出类型（当前知识库类型：事件、人物、制度、战争、政权、法律） kb=模拟知识库
2026-10-08 03:06:58 | WARN  | 建条 | 甲乙丙丁 kb=模拟知识库 result=fail dry_run=True reason=没能判断「甲乙丙丁」属于哪一类（当前知识库有：事件、人物、制度、战争、政权、法律）；请把关键词写成「类型:名称」，或到②页「📁 按映射创建/检查目录」配好类型映射
2026-10-08 03:06:58 | WARN  | 建条 | 批量建条 共 1 条 kb=模拟知识库 created=0 skipped=0 failed=1 dry_run=True reason=甲乙丙丁：没
2026-10-08 03:06:58 | DEBUG | 判定 | 西陵之战 → 战事 score=12 why=概念命中 →「战事」（12 分） kb=_科幻库
2026-10-08 03:06:58 | DEBUG | 判定 | 八王之乱 → 事迹 score=12 why=概念命中 →「事迹」（12 分） kb=_科幻库
2026-10-08 03:06:58 | DEBUG | 判定 | 元嘉律 → 典章 score=11 why=概念命中 →「典章」（11 分） kb=_科幻库
2026-10-08 03:06:58 | DEBUG | 判定 | 甲乙丙丁 → （判不出） score=0 why=没能从名字推出类型（当前知识库类型：事迹、人物志、典章、战事、族志、纪年、舆图） kb=_科幻库
2026-10-08 03:06:58 | DEBUG | 判定 | 慕容儁 → 人物志 score=40 why=少数民族/外来姓名「慕容…」 →「人物志」（40 分） kb=_科幻库
2026-10-08 03:06:58 | DEBUG | 判定 | 慕容儁 → 人物志 score=102 why=强匹配命中 →「人物志」（102 分） kb=_科幻库
2026-10-08 03:06:58 | DEBUG | 判定 | 慕容儁 → 人物志 score=40 why=少数民族/外来姓名「慕容…」 →「人物志」（40 分） kb=_科幻库
2026-10-08 03:06:58 | DEBUG | 判定 | 慕容儁 → 人物志 score=102 why=强匹配命中 →「人物志」（102 分） kb=_科幻库
2026-10-08 03:06:58 | DEBUG | 判定 | 甲乙丙丁 → （判不出） score=0 why=没能从名字推出类型（当前知识库类型：事迹、人物志、典章、战事、族志、纪年、舆图） kb=_科幻库
2026-10-08 03:06:58 | DEBUG | 判定 | 甲乙丙丁 → （判不出） score=0 why=没能从名字推出类型（当前知识库类型：事迹、人物志、典章、战事、族志、纪年、舆图） kb=_科幻库
2026-10-08 03:06:58 | WARN  | 建条 | 甲乙丙丁 kb=_科幻库 result=fail dry_run=True reason=没能判断「甲乙丙丁」属于哪一类（当前知识库有：事迹、人物志、典章、战事、族志、纪年、舆图）；请把关键词写成「类型:名称」，或到②页「📁 按映射创建/检查目录」配好类型映射
2026-10-08 03:06:58 | DEBUG | 判定 | 甲乙丙丁 → （判不出） score=0 why=没能从名字推出类型（当前知识库类型：事迹、人物志、典章、战事、族志、纪年、舆图） kb=_科幻库
2026-10-08 03:06:58 | WARN  | 建条 | 甲乙丙丁 kb=_科幻库 result=fail dry_run=True reason=没能判断「甲乙丙丁」属于哪一类（当前知识库有：事迹、人物志、典章、战事、族志、纪年、舆图）；请把关键词写成「类型:名称」，或到②页「📁 按映射创建/检查目录」配好类型映射
2026-10-08 03:06:59 | INFO  | 切库 | A → B profile_found=False save=False routes=0 report=已存档旧库档案：A；该知识库还没有配置：请到②页点「🔎 扫描当前库目录生成类型」或手工添加「类型 → 目录」，再到④页选择模板库
2026-10-08 03:06:59 | INFO  | 切库 | B → A profile_found=True save=False routes=1 report=已存档旧库档案：B；已载入该库档案（1 个类型，更新于 2026-10-08 03:06:59）
2026-10-08 03:06:59 | DEBUG | 判定 | 司马炎 → 时间线 score=102 why=强匹配命中 →「时间线」（102 分） kb=模拟知识库
2026-10-08 03:06:59 | DEBUG | 判定 | 八王之乱 → 事件 score=12 why=概念命中 →「事件」（12 分） kb=模拟知识库
2026-10-08 03:06:59 | DEBUG | 判定 | 谢安北伐 → 战役 score=12 why=概念命中 →「战役」（12 分）
2026-10-08 03:06:59 | DEBUG | 判定 | 谢安北伐 → 战役 score=12 why=概念命中 →「战役」（12 分）
2026-10-08 03:06:59 | DEBUG | 判定 | 黄埔军校 → 军队 score=100 why=通用规则：「军队」（本库存在该类型）
2026-10-08 03:06:59 | DEBUG | 判定 | 黄埔军校 → 军队 score=100 why=通用规则：「军队」（本库存在该类型）
2026-10-08 03:06:59 | DEBUG | 判定 | 淝水之战 → 战役 score=100 why=通用规则：「战役」（本库存在该类型）
2026-10-08 03:06:59 | DEBUG | 判定 | 武汉会战 → 战役 score=100 why=通用规则：「战役」（本库存在该类型）
2026-10-08 03:06:59 | DEBUG | 判定 | 淝水之战 → 战争 score=12 why=概念命中 →「战争」（12 分）
2026-10-08 03:06:59 | DEBUG | 判定 | 武汉会战 → 战争 score=12 why=概念命中 →「战争」（12 分）
2026-10-08 03:06:59 | DEBUG | 判定 | 淝水之战 → 战役 score=100 why=通用规则：「战役」（本库存在该类型）
2026-10-08 03:06:59 | DEBUG | 判定 | 武汉会战 → 战役 score=100 why=通用规则：「战役」（本库存在该类型）
2026-10-08 03:06:59 | DEBUG | 判定 | 淝水之战 → 战争 score=12 why=概念命中 →「战争」（12 分）
2026-10-08 03:06:59 | DEBUG | 判定 | 武汉会战 → 战争 score=12 why=概念命中 →「战争」（12 分）
2026-10-08 03:06:59 | DEBUG | 判定 | 谢安北伐 → 战争 score=12 why=概念命中 →「战争」（12 分）
2026-10-08 03:06:59 | DEBUG | 判定 | 谢安北伐 → 战争 score=12 why=概念命中 →「战争」（12 分）
2026-10-08 03:06:59 | DEBUG | 判定 | 黄埔军校 → （判不出） score=0 why=没能从名字推出类型（当前知识库类型：事件、人物）
2026-10-08 03:06:59 | DEBUG | 判定 | 建康 → 历史地理 score=30 why=地名「建康」 →「历史地理」（30 分）
2026-10-08 03:06:59 | DEBUG | 判定 | 洛阳 → 历史地理 score=30 why=地名「洛阳」 →「历史地理」（30 分）
2026-10-08 03:06:59 | DEBUG | 判定 | 襄阳 → 历史地理 score=30 why=地名「襄阳」 →「历史地理」（30 分）
2026-10-08 03:06:59 | DEBUG | 判定 | 建康 → 地区 score=30 why=地名「建康」 →「地区」（30 分）
2026-10-08 03:06:59 | DEBUG | 判定 | 洛阳 → 地区 score=30 why=地名「洛阳」 →「地区」（30 分）
2026-10-08 03:06:59 | DEBUG | 判定 | 建康 → 历史地理 score=30 why=地名「建康」 →「历史地理」（30 分）
2026-10-08 03:06:59 | DEBUG | 判定 | 洛阳 → 历史地理 score=30 why=地名「洛阳」 →「历史地理」（30 分）
2026-10-08 03:06:59 | DEBUG | 判定 | 建康 → 地区 score=30 why=地名「建康」 →「地区」（30 分）
2026-10-08 03:06:59 | DEBUG | 判定 | 江州 → 历史地理 score=11 why=概念命中 →「历史地理」（11 分）
2026-10-08 03:06:59 | DEBUG | 判定 | 江州 → 地区 score=30 why=地名后缀「州」 →「地区」（30 分）
2026-10-08 03:06:59 | DEBUG | 判定 | 江州 → 历史地理 score=11 why=概念命中 →「历史地理」（11 分）
2026-10-08 03:06:59 | DEBUG | 判定 | 江州 → 地区 score=30 why=地名后缀「州」 →「地区」（30 分）
2026-10-08 03:06:59 | DEBUG | 判定 | 武汉会战 → 战争 score=12 why=概念命中 →「战争」（12 分）
2026-10-08 03:06:59 | DEBUG | 判定 | 元嘉之治 → 年号 score=12 why=概念命中 →「年号」（12 分）
2026-10-08 03:06:59 | DEBUG | 判定 | 武汉会战 → 战争 score=12 why=概念命中 →「战争」（12 分）
2026-10-08 03:06:59 | DEBUG | 判定 | 元嘉之治 → 年号 score=12 why=概念命中 →「年号」（12 分）
2026-10-08 03:06:59 | DEBUG | 判定 | 建康 → （判不出） score=0 why=没能从名字推出类型（当前知识库类型：事件、人物）
2026-10-08 03:06:59 | DEBUG | 判定 | 甲乙屯 → 历史地理 score=30 why=地名「甲乙屯」(自定义 place_keywords) →「历史地理」（30 分）
2026-10-08 03:06:59 | DEBUG | 判定 | 甲乙屯 → 历史地理 score=30 why=地名「甲乙屯」(自定义 place_keywords) →「历史地理」（30 分）
2026-10-08 03:06:59 | DEBUG | 判定 | 司马炎 → 人物 score=25 why=姓氏「司马」兜底 →「人物」（25 分）
2026-10-08 03:06:59 | DEBUG | 判定 | 司马炎 → 人物 score=25 why=姓氏「司马」兜底 →「人物」（25 分）
2026-10-08 03:06:59 | DEBUG | 判定 | 谢安 → 人物 score=25 why=姓氏「谢」兜底 →「人物」（25 分）
2026-10-08 03:06:59 | DEBUG | 判定 | 谢安 → 人物 score=25 why=姓氏「谢」兜底 →「人物」（25 分）
2026-10-08 03:06:59 | DEBUG | 判定 | 谢安 → （判不出） score=0 why=「谢安」像人名，但本库有多个「人物类」（人物-南朝、人物-北朝、人物-五胡十六国），无法判断属于哪一个 → 请写成「类型:名称」（或指定目标目录）
2026-10-08 03:06:59 | INFO  | 索引 | 重建索引 kb=06-03两晋 dirs=2 master=C:\Users\67675\AppData\Local\Temp\idx_jkihhpzy\历史\06第一帝国时代\06-03两晋\00 首页\索引.md result=ok report=总索引：C:\Users\67675\AppData\Local\Temp\idx_jkihhpzy\历史\06第一帝国时代\06-03两晋\00 首页\索引.md；目录索引：00 首页/索引.md
2026-10-08 03:06:59 | INFO  | 索引 | 重建索引 kb=06-03两晋 dirs=2 master=C:\Users\67675\AppData\Local\Temp\idx_jkihhpzy\历史\06第一帝国时代\06-03两晋\00 首页\索引.md result=ok report=总索引：C:\Users\67675\AppData\Local\Temp\idx_jkihhpzy\历史\06第一帝国时代\06-03两晋\00 首页\索引.md；目录索引：00 首页/索引.md
2026-10-08 03:06:59 | INFO  | 索引 | 重建索引 kb=06-03两晋 dirs=3 master=C:\Users\67675\AppData\Local\Temp\idx_jkihhpzy\历史\06第一帝国时代\06-03两晋\00 首页\索引.md result=ok report=跳过（索引被人工改过，未覆盖）：C:\Users\67675\AppData\Local\Temp\idx_jkihhpzy\历史\06第一帝国时代\06-03两晋\05制度\索引.md；总索引：C:\Users\67675\AppData\Local\Temp\idx_jkihhpzy\历史\06第一帝国时代\06-03两晋\00 首页\索引.md
2026-10-08 03:06:59 | INFO  | 索引 | 重建索引 kb=06-03两晋 dirs=3 master=C:\Users\67675\AppData\Local\Temp\idx_jkihhpzy\历史\06第一帝国时代\06-03两晋\00 首页\索引.md result=ok report=总索引：C:\Users\67675\AppData\Local\Temp\idx_jkihhpzy\历史\06第一帝国时代\06-03两晋\00 首页\索引.md；目录索引：00 首页/索引.md
2026-10-08 03:06:59 | DEBUG | 判定 | 东晋 → 政权 score=90 why=国号「晋」 →「政权」（90 分） kb=模拟知识库
2026-10-08 03:06:59 | DEBUG | 判定 | 前秦 → 政权 score=90 why=国号「秦」 →「政权」（90 分） kb=模拟知识库
2026-10-08 03:06:59 | DEBUG | 判定 | 后燕 → 政权 score=90 why=国号「燕」 →「政权」（90 分） kb=模拟知识库
2026-10-08 03:06:59 | DEBUG | 判定 | 冉魏 → 政权 score=90 why=国号「魏」 →「政权」（90 分） kb=模拟知识库
2026-10-08 03:06:59 | DEBUG | 判定 | 刘宋 → 政权 score=90 why=国号「宋」 →「政权」（90 分） kb=模拟知识库
2026-10-08 03:06:59 | DEBUG | 判定 | 孙吴 → 政权 score=90 why=国号「吴」 →「政权」（90 分） kb=模拟知识库
2026-10-08 03:06:59 | DEBUG | 判定 | 蜀汉 → 政权 score=90 why=国号「汉」 →「政权」（90 分） kb=模拟知识库
2026-10-08 03:06:59 | DEBUG | 判定 | 胡夏 → 政权 score=90 why=国号「夏」 →「政权」（90 分） kb=模拟知识库
2026-10-08 03:06:59 | DEBUG | 判定 | 成汉 → 政权 score=90 why=国号「汉」 →「政权」（90 分） kb=模拟知识库
2026-10-08 03:06:59 | DEBUG | 判定 | 高句丽 → 政权 score=90 why=国号「高句丽」 →「政权」（90 分） kb=模拟知识库
2026-10-08 03:06:59 | DEBUG | 判定 | 苻坚 → 人物 score=25 why=姓氏「苻」兜底 →「人物」（25 分） kb=模拟知识库
2026-10-08 03:06:59 | DEBUG | 判定 | 郗鉴 → 人物 score=25 why=姓氏「郗」兜底 →「人物」（25 分） kb=模拟知识库
2026-10-08 03:06:59 | DEBUG | 判定 | 麹允 → 人物 score=25 why=姓氏「麹」兜底 →「人物」（25 分） kb=模拟知识库
2026-10-08 03:06:59 | DEBUG | 判定 | 干宝 → 人物 score=25 why=姓氏「干」兜底 →「人物」（25 分） kb=模拟知识库
2026-10-08 03:06:59 | DEBUG | 判定 | 谢道韫 → 人物 score=25 why=姓氏「谢」兜底 →「人物」（25 分） kb=模拟知识库
2026-10-08 03:06:59 | DEBUG | 判定 | 萧道成 → 人物 score=25 why=姓氏「萧」兜底 →「人物」（25 分） kb=模拟知识库
2026-10-08 03:06:59 | DEBUG | 判定 | 道安 → 人物 score=40 why=僧道名「道安…」 →「人物」（40 分） kb=模拟知识库
2026-10-08 03:06:59 | DEBUG | 判定 | 法显 → 人物 score=40 why=僧道名「法显…」 →「人物」（40 分） kb=模拟知识库
2026-10-08 03:06:59 | DEBUG | 判定 | 慧远 → 人物 score=40 why=僧道名「慧远…」 →「人物」（40 分） kb=模拟知识库
2026-10-08 03:06:59 | DEBUG | 判定 | 陶渊明 → 人物 score=25 why=姓氏「陶」兜底 →「人物」（25 分） kb=模拟知识库
2026-10-08 03:06:59 | DEBUG | 判定 | 桓玄篡位 → 事件 score=12 why=概念命中 →「事件」（12 分） kb=模拟知识库
2026-10-08 03:06:59 | DEBUG | 判定 | 魏晋禅代 → 事件 score=12 why=概念命中 →「事件」（12 分） kb=模拟知识库
2026-10-08 03:06:59 | DEBUG | 判定 | 义熙土断 → 制度 score=12 why=概念命中 →「制度」（12 分） kb=模拟知识库
2026-10-08 03:06:59 | DEBUG | 判定 | 八王之乱 → 事件 score=12 why=概念命中 →「事件」（12 分） kb=模拟知识库
2026-10-08 03:06:59 | DEBUG | 判定 | 淝水之战 → 战争 score=12 why=概念命中 →「战争」（12 分） kb=模拟知识库
2026-10-08 03:06:59 | DEBUG | 判定 | 宋书 → 史料 score=11 why=概念命中 →「史料」（11 分） kb=模拟知识库
2026-10-08 03:06:59 | DEBUG | 判定 | 建康 → 历史地理 score=30 why=地名「建康」 →「历史地理」（30 分） kb=模拟知识库
2026-10-08 03:06:59 | DEBUG | 判定 | 元嘉之治 → 年号 score=12 why=概念命中 →「年号」（12 分） kb=模拟知识库
2026-10-08 03:06:59 | DEBUG | 判定 | 谢道韫 → 人物 score=25 why=姓氏「谢」兜底 →「人物」（25 分） kb=模拟知识库
2026-10-08 03:06:59 | DEBUG | 判定 | 道安 → 人物 score=40 why=僧道名「道安…」 →「人物」（40 分） kb=模拟知识库
2026-10-08 03:06:59 | DEBUG | 判定 | 萧道成 → 人物 score=25 why=姓氏「萧」兜底 →「人物」（25 分） kb=模拟知识库
2026-10-08 03:06:59 | DEBUG | 判定 | 佛教的南传与本土化 → （判不出） score=0 why=没能从名字推出类型（当前知识库类型：事件、人物、制度、历史地理、史料、年号、战争、政权） kb=模拟知识库
2026-10-08 03:06:59 | DEBUG | 判定 | 天师道与江南社会 → （判不出） score=0 why=没能从名字推出类型（当前知识库类型：事件、人物、制度、历史地理、史料、年号、战争、政权） kb=模拟知识库
2026-10-08 03:06:59 | WARN  | 建条 | 1-1中国历史大纲 kb=模拟知识库 action=跳过（索引/总览类） result=fail dry_run=True reason=「1-1中国历史大纲」是索引/总览类，不是词条 → 不建骨架（要建索引请到⑤页「重建索引/统计」）
2026-10-08 03:06:59 | DEBUG | 判定 | 冉魏 → （判不出） score=0 why=「冉魏」像政权/国号，但本库有多个「政权类」（政权、政权-北朝、政权-南朝），无法判断属于哪一个 → 请写成「类型:名称」（或指定目标目录） kb=模拟知识库
2026-10-08 03:06:59 | DEBUG | 判定 | 陶渊明 → 人物 score=25 why=姓氏「陶」兜底 →「人物」（25 分） kb=模拟知识库
2026-10-08 03:06:59 | DEBUG | 判定 | 王阳明 → 人物 score=25 why=姓氏「王」兜底 →「人物」（25 分） kb=模拟知识库
2026-10-08 03:06:59 | DEBUG | 判定 | 金 → 政权 score=90 why=国号「金」 →「政权」（90 分） kb=模拟知识库
2026-10-08 03:06:59 | DEBUG | 判定 | 元 → 政权 score=90 why=国号「元」 →「政权」（90 分） kb=模拟知识库
2026-10-08 03:06:59 | DEBUG | 判定 | 明 → 政权 score=90 why=国号「明」 →「政权」（90 分） kb=模拟知识库
2026-10-08 03:06:59 | DEBUG | 判定 | 清 → 政权 score=90 why=国号「清」 →「政权」（90 分） kb=模拟知识库
2026-10-08 03:06:59 | DEBUG | 判定 | 辽 → 政权 score=90 why=国号「辽」 →「政权」（90 分） kb=模拟知识库
2026-10-08 03:06:59 | DEBUG | 判定 | 梁 → 政权 score=90 why=国号「梁」 →「政权」（90 分） kb=模拟知识库
2026-10-08 03:06:59 | DEBUG | 判定 | 耶律阿保机 → 人物 score=40 why=少数民族/外来姓名「耶律…」 →「人物」（40 分） kb=模拟知识库
2026-10-08 03:06:59 | DEBUG | 判定 | 完颜阿骨打 → 人物 score=40 why=少数民族/外来姓名「完颜…」 →「人物」（40 分） kb=模拟知识库
2026-10-08 03:06:59 | DEBUG | 判定 | 爱新觉罗·玄烨 → 人物 score=40 why=少数民族/外来姓名「爱新觉罗…」 →「人物」（40 分） kb=模拟知识库
2026-10-08 03:06:59 | DEBUG | 判定 | 忽必烈 → 人物 score=40 why=少数民族/外来姓名「忽必烈…」 →「人物」（40 分） kb=模拟知识库
2026-10-08 03:06:59 | DEBUG | 判定 | 铁木真 → 人物 score=40 why=少数民族/外来姓名「铁木真…」 →「人物」（40 分） kb=模拟知识库
2026-10-08 03:06:59 | DEBUG | 判定 | 岳飞 → 人物 score=25 why=姓氏「岳」兜底 →「人物」（25 分） kb=模拟知识库
2026-10-08 03:06:59 | DEBUG | 判定 | 狄仁杰 → 人物 score=25 why=姓氏「狄」兜底 →「人物」（25 分） kb=模拟知识库
2026-10-08 03:06:59 | DEBUG | 判定 | 包拯 → 人物 score=25 why=姓氏「包」兜底 →「人物」（25 分） kb=模拟知识库
2026-10-08 03:06:59 | DEBUG | 判定 | 文天祥 → 人物 score=25 why=姓氏「文」兜底 →「人物」（25 分） kb=模拟知识库
2026-10-08 03:06:59 | DEBUG | 判定 | 澶渊之盟 → 史料 score=60 why=条约/盟约类「澶渊之盟」 →「史料」（60 分） kb=模拟知识库
2026-10-08 03:06:59 | DEBUG | 判定 | 南京条约 → 史料 score=60 why=条约/盟约类「南京条约」 →「史料」（60 分） kb=模拟知识库
2026-10-08 03:06:59 | DEBUG | 判定 | 东晋 → 政权 score=90 why=国号「晋」 →「政权」（90 分） kb=模拟知识库
2026-10-08 03:06:59 | DEBUG | 判定 | 前秦 → 政权 score=90 why=国号「秦」 →「政权」（90 分） kb=模拟知识库
2026-10-08 03:06:59 | DEBUG | 判定 | 成汉 → 政权 score=90 why=国号「汉」 →「政权」（90 分） kb=模拟知识库
2026-10-08 03:06:59 | DEBUG | 判定 | 翟魏 → 政权 score=90 why=国号「翟魏」 →「政权」（90 分） kb=模拟知识库
2026-10-08 03:06:59 | DEBUG | 判定 | 八王之乱 → 事件 score=12 why=概念命中 →「事件」（12 分） kb=模拟知识库
2026-10-08 03:06:59 | DEBUG | 判定 | 淝水之战 → 战争 score=12 why=概念命中 →「战争」（12 分） kb=模拟知识库
2026-10-08 03:06:59 | DEBUG | 判定 | 元嘉之治 → 年号 score=12 why=概念命中 →「年号」（12 分） kb=模拟知识库
2026-10-08 03:06:59 | DEBUG | 判定 | 建康 → 历史地理 score=30 why=地名「建康」 →「历史地理」（30 分） kb=模拟知识库
2026-10-08 03:06:59 | DEBUG | 判定 | 谢道韫 → 人物 score=25 why=姓氏「谢」兜底 →「人物」（25 分） kb=模拟知识库
2026-10-08 03:06:59 | DEBUG | 判定 | 道安 → 人物 score=40 why=僧道名「道安…」 →「人物」（40 分） kb=模拟知识库
2026-10-08 03:06:59 | DEBUG | 判定 | 苻坚 → 人物 score=25 why=姓氏「苻」兜底 →「人物」（25 分） kb=模拟知识库
2026-10-08 03:06:59 | DEBUG | 判定 | 义熙土断 → 制度 score=12 why=概念命中 →「制度」（12 分） kb=模拟知识库
2026-10-08 03:06:59 | DEBUG | 判定 | 孙中山 → 人物 score=25 why=姓氏「孙」兜底 →「人物」（25 分） kb=模拟知识库
2026-10-08 03:06:59 | DEBUG | 判定 | 五胡内迁 → 民族与族群 score=12 why=概念命中 →「民族与族群」（12 分） kb=模拟知识库
2026-10-08 03:06:59 | DEBUG | 判定 | 衣冠南渡 → 事件 score=14 why=概念命中 →「事件」（14 分） kb=模拟知识库
2026-10-08 03:06:59 | DEBUG | 判定 | 尔朱荣 → 人物 score=25 why=姓氏「尔朱」兜底 →「人物」（25 分） kb=模拟知识库
2026-10-08 03:06:59 | DEBUG | 判定 | 檀道济 → 人物 score=25 why=姓氏「檀」兜底 →「人物」（25 分） kb=模拟知识库
2026-10-08 03:06:59 | DEBUG | 判定 | 金 → 政权 score=90 why=国号「金」 →「政权」（90 分） kb=模拟知识库
2026-10-08 03:06:59 | DEBUG | 判定 | 元 → 政权 score=90 why=国号「元」 →「政权」（90 分） kb=模拟知识库
2026-10-08 03:06:59 | DEBUG | 判定 | 明 → 政权 score=90 why=国号「明」 →「政权」（90 分） kb=模拟知识库
2026-10-08 03:06:59 | DEBUG | 判定 | 清 → 政权 score=90 why=国号「清」 →「政权」（90 分） kb=模拟知识库
2026-10-08 03:06:59 | DEBUG | 判定 | 辽 → 政权 score=90 why=国号「辽」 →「政权」（90 分） kb=模拟知识库
2026-10-08 03:06:59 | DEBUG | 判定 | 梁 → 政权 score=90 why=国号「梁」 →「政权」（90 分） kb=模拟知识库
2026-10-08 03:06:59 | DEBUG | 判定 | 澶渊之盟 → 条约 score=60 why=条约/盟约类「澶渊之盟」 →「条约」（60 分） kb=模拟知识库
2026-10-08 03:06:59 | DEBUG | 判定 | 澶渊之盟 → 史料 score=60 why=条约/盟约类「澶渊之盟」 →「史料」（60 分） kb=模拟知识库
2026-10-08 03:06:59 | DEBUG | 判定 | 十六国 → （判不出） score=0 why=「十六国」是**时期名**（不是政权/国号），但本库没有「时期/时代」类类型 → 请写成「类型:名称」，或到②页加一个「时期/时代」类型 kb=模拟知识库
2026-10-08 03:06:59 | DEBUG | 判定 | 南北朝 → 时期 score=85 why=时期名「南北朝」 →「时期」（85 分） kb=模拟知识库
2026-10-08 03:06:59 | DEBUG | 判定 | 孙中山 → 人物 score=25 why=姓氏「孙」兜底 →「人物」（25 分） kb=模拟知识库
2026-10-08 03:06:59 | DEBUG | 判定 | 李中山 → 人物 score=25 why=姓氏「李」兜底 →「人物」（25 分） kb=模拟知识库
2026-10-08 03:06:59 | DEBUG | 判定 | 拓跋鲜卑 → 民族与族群 score=12 why=概念命中 →「民族与族群」（12 分） kb=模拟知识库
2026-10-08 03:06:59 | DEBUG | 判定 | 五胡内迁 → 民族与族群 score=12 why=概念命中 →「民族与族群」（12 分） kb=模拟知识库
2026-10-08 03:06:59 | DEBUG | 判定 | 建康 → 历史地理 score=30 why=地名「建康」 →「历史地理」（30 分） kb=模拟知识库
2026-10-08 03:06:59 | DEBUG | 判定 | 宋书 → 史料 score=11 why=概念命中 →「史料」（11 分） kb=模拟知识库
2026-10-08 03:06:59 | DEBUG | 判定 | 同盟会 → （判不出） score=0 why=没能从名字推出类型（当前知识库类型：事件、人物、制度、历史地理、史料、年号、战争、政权、民族与族群） kb=模拟知识库
2026-10-08 03:06:59 | DEBUG | 判定 | 岳云 → 人物 score=25 why=姓氏「岳」兜底 →「人物」（25 分） kb=体检库
2026-10-08 03:06:59 | DEBUG | 判定 | 岳飞 → 人物 score=25 why=姓氏「岳」兜底 →「人物」（25 分） kb=体检库
2026-10-08 03:06:59 | DEBUG | 判定 | 耶律阿保机 → 人物 score=40 why=少数民族/外来姓名「耶律…」 →「人物」（40 分） kb=体检库
2026-10-08 03:06:59 | DEBUG | 判定 | 八王之乱 → 事件 score=12 why=概念命中 →「事件」（12 分） kb=体检库
2026-10-08 03:06:59 | DEBUG | 判定 | 成汉 → 政权 score=90 why=国号「汉」 →「政权」（90 分） kb=体检库
2026-10-08 03:06:59 | INFO  | 体检 | 类型判定体检 kb=体检库 scanned=5 correct=5 wrong=0 blank=0 accuracy=1.0
2026-10-08 03:06:59 | DEBUG | 判定 | 前燕 → 政权 score=90 why=国号「燕」 →「政权」（90 分） kb=体检库
2026-10-08 03:06:59 | DEBUG | 判定 | 前秦 → 政权 score=90 why=国号「秦」 →「政权」（90 分） kb=体检库
2026-10-08 03:06:59 | DEBUG | 判定 | 岳云 → 人物 score=25 why=姓氏「岳」兜底 →「人物」（25 分） kb=体检库
2026-10-08 03:06:59 | DEBUG | 判定 | 岳飞 → 人物 score=25 why=姓氏「岳」兜底 →「人物」（25 分） kb=体检库
2026-10-08 03:06:59 | DEBUG | 判定 | 耶律阿保机 → 人物 score=40 why=少数民族/外来姓名「耶律…」 →「人物」（40 分） kb=体检库
2026-10-08 03:06:59 | DEBUG | 判定 | 八王之乱 → 事件 score=12 why=概念命中 →「事件」（12 分） kb=体检库
2026-10-08 03:06:59 | DEBUG | 判定 | 岳飞北伐 → 战争 score=12 why=概念命中 →「战争」（12 分） kb=体检库
2026-10-08 03:06:59 | DEBUG | 判定 | 成汉 → 政权 score=90 why=国号「汉」 →「政权」（90 分） kb=体检库
2026-10-08 03:06:59 | INFO  | 体检 | 类型判定体检 kb=体检库 scanned=8 correct=5 wrong=3 blank=0 accuracy=0.625
2026-10-08 03:06:59 | DEBUG | 判定 | 前燕 → 政权 score=90 why=国号「燕」 →「政权」（90 分） kb=体检库
2026-10-08 03:06:59 | DEBUG | 判定 | 前秦 → 政权 score=90 why=国号「秦」 →「政权」（90 分） kb=体检库
2026-10-08 03:06:59 | DEBUG | 判定 | 岳云 → 人物 score=25 why=姓氏「岳」兜底 →「人物」（25 分） kb=体检库
2026-10-08 03:06:59 | DEBUG | 判定 | 岳飞 → 人物 score=25 why=姓氏「岳」兜底 →「人物」（25 分） kb=体检库
2026-10-08 03:06:59 | DEBUG | 判定 | 耶律阿保机 → 人物 score=40 why=少数民族/外来姓名「耶律…」 →「人物」（40 分） kb=体检库
2026-10-08 03:06:59 | DEBUG | 判定 | 八王之乱 → 事件 score=12 why=概念命中 →「事件」（12 分） kb=体检库
2026-10-08 03:06:59 | DEBUG | 判定 | 岳飞北伐 → 战争 score=12 why=概念命中 →「战争」（12 分） kb=体检库
2026-10-08 03:06:59 | DEBUG | 判定 | 成汉 → 政权 score=90 why=国号「汉」 →「政权」（90 分） kb=体检库
2026-10-08 03:06:59 | INFO  | 体检 | 类型判定体检 kb=06-03两晋 scanned=8 correct=5 wrong=3 blank=0 accuracy=0.625
2026-10-08 03:06:59 | DEBUG | 判定 | 八王之乱 → 事件 score=12 why=概念命中 →「事件」（12 分） kb=提示库
2026-10-08 03:06:59 | DEBUG | 判定 | 八王之乱 → 事件 score=12 why=概念命中 →「事件」（12 分） kb=提示库
2026-10-08 03:06:59 | DEBUG | 判定 | 桓玄篡位 → 事件 score=12 why=概念命中 →「事件」（12 分） kb=提示库
2026-10-08 03:06:59 | DEBUG | 判定 | 八王之乱 → 事件 score=12 why=概念命中 →「事件」（12 分） kb=提示库
2026-10-08 03:06:59 | INFO  | 体检 | 类型判定体检 kb=提示库 scanned=2 correct=1 wrong=1 blank=0 accuracy=0.5
